[debug] [2026-06-08T19:59:25.546Z] ----------------------------------------------------------------------
[debug] [2026-06-08T19:59:25.547Z] Command:       /opt/homebrew/Cellar/node/26.0.0/bin/node /opt/homebrew/bin/firebase deploy
[debug] [2026-06-08T19:59:25.547Z] CLI Version:   14.17.0
[debug] [2026-06-08T19:59:25.547Z] Platform:      darwin
[debug] [2026-06-08T19:59:25.547Z] Node Version:  v26.0.0
[debug] [2026-06-08T19:59:25.547Z] Time:          Mon Jun 08 2026 21:59:25 GMT+0200 (Central European Summer Time)
[debug] [2026-06-08T19:59:25.548Z] ----------------------------------------------------------------------
[debug] 
[debug] [2026-06-08T19:59:25.633Z] > command requires scopes: ["email","openid","https://www.googleapis.com/auth/cloudplatformprojects.readonly","https://www.googleapis.com/auth/firebase","https://www.googleapis.com/auth/cloud-platform"]
[debug] [2026-06-08T19:59:25.633Z] > authorizing via signed-in user (nicolas.borlet7@gmail.com)
[debug] [2026-06-08T19:59:25.633Z] [iam] checking project anniv-enzo for permissions ["datastore.indexes.create","datastore.indexes.delete","datastore.indexes.list","datastore.indexes.update","firebase.projects.get","firebasehosting.sites.update","firebaserules.releases.create","firebaserules.releases.update","firebaserules.rulesets.create",null]
[debug] [2026-06-08T19:59:25.633Z] Checked if tokens are valid: true, expires at: 1780951372362
[debug] [2026-06-08T19:59:25.633Z] Checked if tokens are valid: true, expires at: 1780951372362
[debug] [2026-06-08T19:59:25.634Z] >>> [apiv2][query] POST https://cloudresourcemanager.googleapis.com/v1/projects/anniv-enzo:testIamPermissions [none]
[debug] [2026-06-08T19:59:25.634Z] >>> [apiv2][(partial)header] POST https://cloudresourcemanager.googleapis.com/v1/projects/anniv-enzo:testIamPermissions x-goog-quota-user=projects/anniv-enzo
[debug] [2026-06-08T19:59:25.634Z] >>> [apiv2][body] POST https://cloudresourcemanager.googleapis.com/v1/projects/anniv-enzo:testIamPermissions {"permissions":["datastore.indexes.create","datastore.indexes.delete","datastore.indexes.list","datastore.indexes.update","firebase.projects.get","firebasehosting.sites.update","firebaserules.releases.create","firebaserules.releases.update","firebaserules.rulesets.create",null]}
[debug] [2026-06-08T19:59:26.320Z] <<< [apiv2][status] POST https://cloudresourcemanager.googleapis.com/v1/projects/anniv-enzo:testIamPermissions 200
[debug] [2026-06-08T19:59:26.321Z] <<< [apiv2][body] POST https://cloudresourcemanager.googleapis.com/v1/projects/anniv-enzo:testIamPermissions {"permissions":["datastore.indexes.create","datastore.indexes.delete","datastore.indexes.list","datastore.indexes.update","firebase.projects.get","firebasehosting.sites.update","firebaserules.releases.create","firebaserules.releases.update","firebaserules.rulesets.create"]}
[debug] [2026-06-08T19:59:26.321Z] [iam] error while checking permissions, command may fail: Authorization failed. This account is missing the following required permissions on project anniv-enzo:

  
[debug] [2026-06-08T19:59:26.322Z] Checked if tokens are valid: true, expires at: 1780951372362
[debug] [2026-06-08T19:59:26.322Z] Checked if tokens are valid: true, expires at: 1780951372362
[debug] [2026-06-08T19:59:26.322Z] >>> [apiv2][query] GET https://firebase.googleapis.com/v1beta1/projects/anniv-enzo [none]
[debug] [2026-06-08T19:59:26.608Z] <<< [apiv2][status] GET https://firebase.googleapis.com/v1beta1/projects/anniv-enzo 200
[debug] [2026-06-08T19:59:26.608Z] <<< [apiv2][body] GET https://firebase.googleapis.com/v1beta1/projects/anniv-enzo {"projectId":"anniv-enzo","projectNumber":"903004651980","displayName":"anniv-enzo","name":"projects/anniv-enzo","resources":{"hostingSite":"anniv-enzo"},"state":"ACTIVE","etag":"1_afae6d2a-9ffe-4ce4-8d52-058162e0e9dc"}
[info] 
[info] === Deploying to 'anniv-enzo'...
[info] 
[info] i  deploying storage, firestore, hosting, apphosting 
[info] i  storage: ensuring required API firebasestorage.googleapis.com is enabled... 
[debug] [2026-06-08T19:59:26.614Z] Checked if tokens are valid: true, expires at: 1780951372362
[debug] [2026-06-08T19:59:26.614Z] Checked if tokens are valid: true, expires at: 1780951372362
[debug] [2026-06-08T19:59:26.614Z] >>> [apiv2][query] GET https://serviceusage.googleapis.com/v1/projects/anniv-enzo/services/firebasestorage.googleapis.com [none]
[debug] [2026-06-08T19:59:26.614Z] >>> [apiv2][(partial)header] GET https://serviceusage.googleapis.com/v1/projects/anniv-enzo/services/firebasestorage.googleapis.com x-goog-quota-user=projects/anniv-enzo
[debug] [2026-06-08T19:59:27.490Z] <<< [apiv2][status] GET https://serviceusage.googleapis.com/v1/projects/anniv-enzo/services/firebasestorage.googleapis.com 200
[debug] [2026-06-08T19:59:27.490Z] <<< [apiv2][body] GET https://serviceusage.googleapis.com/v1/projects/anniv-enzo/services/firebasestorage.googleapis.com [omitted]
[info] ✔  storage: required API firebasestorage.googleapis.com is enabled 
[debug] [2026-06-08T19:59:27.497Z] Checked if tokens are valid: true, expires at: 1780951372362
[debug] [2026-06-08T19:59:27.497Z] Checked if tokens are valid: true, expires at: 1780951372362
[debug] [2026-06-08T19:59:27.497Z] >>> [apiv2][query] GET https://firebasestorage.googleapis.com/v1alpha/projects/anniv-enzo/defaultBucket [none]
[debug] [2026-06-08T19:59:28.251Z] <<< [apiv2][status] GET https://firebasestorage.googleapis.com/v1alpha/projects/anniv-enzo/defaultBucket 200
[debug] [2026-06-08T19:59:28.251Z] <<< [apiv2][body] GET https://firebasestorage.googleapis.com/v1alpha/projects/anniv-enzo/defaultBucket {"name":"projects/anniv-enzo/defaultBucket","location":"US-EAST1","bucket":{"name":"projects/anniv-enzo/buckets/anniv-enzo.firebasestorage.app"},"storageClass":"REGIONAL"}
[info] i  firebase.storage: checking storage.rules for compilation errors... 
[debug] [2026-06-08T19:59:28.254Z] Checked if tokens are valid: true, expires at: 1780951372362
[debug] [2026-06-08T19:59:28.254Z] Checked if tokens are valid: true, expires at: 1780951372362
[debug] [2026-06-08T19:59:28.254Z] >>> [apiv2][query] POST https://firebaserules.googleapis.com/v1/projects/anniv-enzo:test [none]
[debug] [2026-06-08T19:59:28.254Z] >>> [apiv2][body] POST https://firebaserules.googleapis.com/v1/projects/anniv-enzo:test [omitted]
[debug] [2026-06-08T19:59:29.020Z] <<< [apiv2][status] POST https://firebaserules.googleapis.com/v1/projects/anniv-enzo:test 200
[debug] [2026-06-08T19:59:29.020Z] <<< [apiv2][body] POST https://firebaserules.googleapis.com/v1/projects/anniv-enzo:test {}
[info] ✔  firebase.storage: rules file storage.rules compiled successfully 
[info] i  firestore: reading indexes from firestore.indexes.json... 
[info] i  cloud.firestore: checking firestore.rules for compilation errors... 
[debug] [2026-06-08T19:59:29.022Z] Checked if tokens are valid: true, expires at: 1780951372362
[debug] [2026-06-08T19:59:29.022Z] Checked if tokens are valid: true, expires at: 1780951372362
[debug] [2026-06-08T19:59:29.023Z] >>> [apiv2][query] POST https://firebaserules.googleapis.com/v1/projects/anniv-enzo:test [none]
[debug] [2026-06-08T19:59:29.023Z] >>> [apiv2][body] POST https://firebaserules.googleapis.com/v1/projects/anniv-enzo:test [omitted]
[debug] [2026-06-08T19:59:29.231Z] <<< [apiv2][status] POST https://firebaserules.googleapis.com/v1/projects/anniv-enzo:test 200
[debug] [2026-06-08T19:59:29.232Z] <<< [apiv2][body] POST https://firebaserules.googleapis.com/v1/projects/anniv-enzo:test {}
[info] ✔  cloud.firestore: rules file firestore.rules compiled successfully 
[debug] [2026-06-08T19:59:29.233Z] Checked if tokens are valid: true, expires at: 1780951372362
[debug] [2026-06-08T19:59:29.233Z] Checked if tokens are valid: true, expires at: 1780951372362
[debug] [2026-06-08T19:59:29.233Z] >>> [apiv2][query] POST https://firebasehosting.googleapis.com/v1beta1/projects/-/sites/anniv-enzo-71d2b/versions [none]
[debug] [2026-06-08T19:59:29.233Z] >>> [apiv2][body] POST https://firebasehosting.googleapis.com/v1beta1/projects/-/sites/anniv-enzo-71d2b/versions {"status":"CREATED","labels":{"deployment-tool":"cli-firebase"}}
[debug] [2026-06-08T19:59:32.346Z] <<< [apiv2][status] POST https://firebasehosting.googleapis.com/v1beta1/projects/-/sites/anniv-enzo-71d2b/versions 200
[debug] [2026-06-08T19:59:32.346Z] <<< [apiv2][body] POST https://firebasehosting.googleapis.com/v1beta1/projects/-/sites/anniv-enzo-71d2b/versions {"name":"projects/903004651980/sites/anniv-enzo-71d2b/versions/b0527d0a134b17b9","status":"CREATED","config":{},"labels":{"deployment-tool":"cli-firebase"}}
[debug] [2026-06-08T19:59:32.348Z] Checked if tokens are valid: true, expires at: 1780951372362
[debug] [2026-06-08T19:59:32.348Z] Checked if tokens are valid: true, expires at: 1780951372362
[debug] [2026-06-08T19:59:32.349Z] >>> [apiv2][query] POST https://iam.googleapis.com/v1/projects/anniv-enzo/serviceAccounts/firebase-app-hosting-compute@anniv-enzo.iam.gserviceaccount.com:testIamPermissions [none]
[debug] [2026-06-08T19:59:32.349Z] >>> [apiv2][(partial)header] POST https://iam.googleapis.com/v1/projects/anniv-enzo/serviceAccounts/firebase-app-hosting-compute@anniv-enzo.iam.gserviceaccount.com:testIamPermissions x-goog-quota-user=projects/anniv-enzo
[debug] [2026-06-08T19:59:32.349Z] >>> [apiv2][body] POST https://iam.googleapis.com/v1/projects/anniv-enzo/serviceAccounts/firebase-app-hosting-compute@anniv-enzo.iam.gserviceaccount.com:testIamPermissions {"permissions":["iam.serviceAccounts.actAs"]}
[debug] [2026-06-08T19:59:33.045Z] <<< [apiv2][status] POST https://iam.googleapis.com/v1/projects/anniv-enzo/serviceAccounts/firebase-app-hosting-compute@anniv-enzo.iam.gserviceaccount.com:testIamPermissions 200
[debug] [2026-06-08T19:59:33.045Z] <<< [apiv2][body] POST https://iam.googleapis.com/v1/projects/anniv-enzo/serviceAccounts/firebase-app-hosting-compute@anniv-enzo.iam.gserviceaccount.com:testIamPermissions {"permissions":["iam.serviceAccounts.actAs"]}
[debug] [2026-06-08T19:59:33.045Z] Checked if tokens are valid: true, expires at: 1780951372362
[debug] [2026-06-08T19:59:33.045Z] Checked if tokens are valid: true, expires at: 1780951372362
[debug] [2026-06-08T19:59:33.046Z] >>> [apiv2][query] POST https://iam.googleapis.com/v1/projects/anniv-enzo/serviceAccounts [none]
[debug] [2026-06-08T19:59:33.046Z] >>> [apiv2][body] POST https://iam.googleapis.com/v1/projects/anniv-enzo/serviceAccounts {"accountId":"firebase-app-hosting-compute","serviceAccount":{"displayName":"Firebase App Hosting compute service account","description":"Default service account used to run builds and deploys for Firebase App Hosting"}}
[debug] [2026-06-08T19:59:33.365Z] <<< [apiv2][status] POST https://iam.googleapis.com/v1/projects/anniv-enzo/serviceAccounts 409
[debug] [2026-06-08T19:59:33.366Z] <<< [apiv2][body] POST https://iam.googleapis.com/v1/projects/anniv-enzo/serviceAccounts [omitted]
[debug] [2026-06-08T19:59:33.367Z] Checked if tokens are valid: true, expires at: 1780951372362
[debug] [2026-06-08T19:59:33.367Z] Checked if tokens are valid: true, expires at: 1780951372362
[debug] [2026-06-08T19:59:33.367Z] >>> [apiv2][query] POST https://cloudresourcemanager.googleapis.com/v1/projects/anniv-enzo:getIamPolicy [none]
[debug] [2026-06-08T19:59:33.781Z] <<< [apiv2][status] POST https://cloudresourcemanager.googleapis.com/v1/projects/anniv-enzo:getIamPolicy 200
[debug] [2026-06-08T19:59:33.781Z] <<< [apiv2][body] POST https://cloudresourcemanager.googleapis.com/v1/projects/anniv-enzo:getIamPolicy {"version":1,"etag":"BwZTw2miz/Q=","bindings":[{"role":"roles/cloudbuild.builds.builder","members":["serviceAccount:903004651980@cloudbuild.gserviceaccount.com"]},{"role":"roles/cloudbuild.serviceAgent","members":["serviceAccount:service-903004651980@gcp-sa-cloudbuild.iam.gserviceaccount.com"]},{"role":"roles/containerregistry.ServiceAgent","members":["serviceAccount:service-903004651980@containerregistry.iam.gserviceaccount.com"]},{"role":"roles/developerconnect.readTokenAccessor","members":["serviceAccount:firebase-app-hosting-compute@anniv-enzo.iam.gserviceaccount.com"]},{"role":"roles/editor","members":["serviceAccount:903004651980-compute@developer.gserviceaccount.com"]},{"role":"roles/firebase.managementServiceAgent","members":["serviceAccount:service-903004651980@gcp-sa-firebase.iam.gserviceaccount.com"]},{"role":"roles/firebase.sdkAdminServiceAgent","members":["serviceAccount:firebase-adminsdk-fbsvc@anniv-enzo.iam.gserviceaccount.com","serviceAccount:firebase-app-hosting-compute@anniv-enzo.iam.gserviceaccount.com"]},{"role":"roles/firebaseapphosting.computeRunner","members":["serviceAccount:firebase-app-hosting-compute@anniv-enzo.iam.gserviceaccount.com"]},{"role":"roles/firebaseapphosting.serviceAgent","members":["serviceAccount:service-903004651980@gcp-sa-firebaseapphosting.iam.gserviceaccount.com"]},{"role":"roles/firebaserules.system","members":["serviceAccount:service-903004651980@firebase-rules.iam.gserviceaccount.com"]},{"role":"roles/firebasestorage.serviceAgent","members":["serviceAccount:service-903004651980@gcp-sa-firebasestorage.iam.gserviceaccount.com"]},{"role":"roles/firestore.serviceAgent","members":["serviceAccount:service-903004651980@gcp-sa-firestore.iam.gserviceaccount.com"]},{"role":"roles/iam.serviceAccountTokenCreator","members":["serviceAccount:firebase-adminsdk-fbsvc@anniv-enzo.iam.gserviceaccount.com"]},{"role":"roles/owner","members":["user:nicolas.borlet7@gmail.com"]},{"role":"roles/run.serviceAgent","members":["serviceAccount:service-903004651980@serverless-robot-prod.iam.gserviceaccount.com"]},{"role":"roles/storage.admin","members":["serviceAccount:firebase-adminsdk-fbsvc@anniv-enzo.iam.gserviceaccount.com"]},{"role":"roles/storage.objectViewer","members":["serviceAccount:firebase-app-hosting-compute@anniv-enzo.iam.gserviceaccount.com"]}]}
[debug] [2026-06-08T19:59:33.782Z] Checked if tokens are valid: true, expires at: 1780951372362
[debug] [2026-06-08T19:59:33.782Z] Checked if tokens are valid: true, expires at: 1780951372362
[debug] [2026-06-08T19:59:33.782Z] >>> [apiv2][query] POST https://cloudresourcemanager.googleapis.com/v1/projects/anniv-enzo:setIamPolicy [none]
[debug] [2026-06-08T19:59:33.782Z] >>> [apiv2][body] POST https://cloudresourcemanager.googleapis.com/v1/projects/anniv-enzo:setIamPolicy {"policy":{"version":1,"etag":"BwZTw2miz/Q=","bindings":[{"role":"roles/cloudbuild.builds.builder","members":["serviceAccount:903004651980@cloudbuild.gserviceaccount.com"]},{"role":"roles/cloudbuild.serviceAgent","members":["serviceAccount:service-903004651980@gcp-sa-cloudbuild.iam.gserviceaccount.com"]},{"role":"roles/containerregistry.ServiceAgent","members":["serviceAccount:service-903004651980@containerregistry.iam.gserviceaccount.com"]},{"role":"roles/developerconnect.readTokenAccessor","members":["serviceAccount:firebase-app-hosting-compute@anniv-enzo.iam.gserviceaccount.com"]},{"role":"roles/editor","members":["serviceAccount:903004651980-compute@developer.gserviceaccount.com"]},{"role":"roles/firebase.managementServiceAgent","members":["serviceAccount:service-903004651980@gcp-sa-firebase.iam.gserviceaccount.com"]},{"role":"roles/firebase.sdkAdminServiceAgent","members":["serviceAccount:firebase-adminsdk-fbsvc@anniv-enzo.iam.gserviceaccount.com","serviceAccount:firebase-app-hosting-compute@anniv-enzo.iam.gserviceaccount.com"]},{"role":"roles/firebaseapphosting.computeRunner","members":["serviceAccount:firebase-app-hosting-compute@anniv-enzo.iam.gserviceaccount.com"]},{"role":"roles/firebaseapphosting.serviceAgent","members":["serviceAccount:service-903004651980@gcp-sa-firebaseapphosting.iam.gserviceaccount.com"]},{"role":"roles/firebaserules.system","members":["serviceAccount:service-903004651980@firebase-rules.iam.gserviceaccount.com"]},{"role":"roles/firebasestorage.serviceAgent","members":["serviceAccount:service-903004651980@gcp-sa-firebasestorage.iam.gserviceaccount.com"]},{"role":"roles/firestore.serviceAgent","members":["serviceAccount:service-903004651980@gcp-sa-firestore.iam.gserviceaccount.com"]},{"role":"roles/iam.serviceAccountTokenCreator","members":["serviceAccount:firebase-adminsdk-fbsvc@anniv-enzo.iam.gserviceaccount.com"]},{"role":"roles/owner","members":["user:nicolas.borlet7@gmail.com"]},{"role":"roles/run.serviceAgent","members":["serviceAccount:service-903004651980@serverless-robot-prod.iam.gserviceaccount.com"]},{"role":"roles/storage.admin","members":["serviceAccount:firebase-adminsdk-fbsvc@anniv-enzo.iam.gserviceaccount.com"]},{"role":"roles/storage.objectViewer","members":["serviceAccount:firebase-app-hosting-compute@anniv-enzo.iam.gserviceaccount.com"]}]},"updateMask":"bindings"}
[debug] [2026-06-08T19:59:34.894Z] <<< [apiv2][status] POST https://cloudresourcemanager.googleapis.com/v1/projects/anniv-enzo:setIamPolicy 200
[debug] [2026-06-08T19:59:34.894Z] <<< [apiv2][body] POST https://cloudresourcemanager.googleapis.com/v1/projects/anniv-enzo:setIamPolicy {"version":1,"etag":"BwZTw3MWYcs=","bindings":[{"role":"roles/cloudbuild.builds.builder","members":["serviceAccount:903004651980@cloudbuild.gserviceaccount.com"]},{"role":"roles/cloudbuild.serviceAgent","members":["serviceAccount:service-903004651980@gcp-sa-cloudbuild.iam.gserviceaccount.com"]},{"role":"roles/containerregistry.ServiceAgent","members":["serviceAccount:service-903004651980@containerregistry.iam.gserviceaccount.com"]},{"role":"roles/developerconnect.readTokenAccessor","members":["serviceAccount:firebase-app-hosting-compute@anniv-enzo.iam.gserviceaccount.com"]},{"role":"roles/editor","members":["serviceAccount:903004651980-compute@developer.gserviceaccount.com"]},{"role":"roles/firebase.managementServiceAgent","members":["serviceAccount:service-903004651980@gcp-sa-firebase.iam.gserviceaccount.com"]},{"role":"roles/firebase.sdkAdminServiceAgent","members":["serviceAccount:firebase-adminsdk-fbsvc@anniv-enzo.iam.gserviceaccount.com","serviceAccount:firebase-app-hosting-compute@anniv-enzo.iam.gserviceaccount.com"]},{"role":"roles/firebaseapphosting.computeRunner","members":["serviceAccount:firebase-app-hosting-compute@anniv-enzo.iam.gserviceaccount.com"]},{"role":"roles/firebaseapphosting.serviceAgent","members":["serviceAccount:service-903004651980@gcp-sa-firebaseapphosting.iam.gserviceaccount.com"]},{"role":"roles/firebaserules.system","members":["serviceAccount:service-903004651980@firebase-rules.iam.gserviceaccount.com"]},{"role":"roles/firebasestorage.serviceAgent","members":["serviceAccount:service-903004651980@gcp-sa-firebasestorage.iam.gserviceaccount.com"]},{"role":"roles/firestore.serviceAgent","members":["serviceAccount:service-903004651980@gcp-sa-firestore.iam.gserviceaccount.com"]},{"role":"roles/iam.serviceAccountTokenCreator","members":["serviceAccount:firebase-adminsdk-fbsvc@anniv-enzo.iam.gserviceaccount.com"]},{"role":"roles/owner","members":["user:nicolas.borlet7@gmail.com"]},{"role":"roles/run.serviceAgent","members":["serviceAccount:service-903004651980@serverless-robot-prod.iam.gserviceaccount.com"]},{"role":"roles/storage.admin","members":["serviceAccount:firebase-adminsdk-fbsvc@anniv-enzo.iam.gserviceaccount.com"]},{"role":"roles/storage.objectViewer","members":["serviceAccount:firebase-app-hosting-compute@anniv-enzo.iam.gserviceaccount.com"]}]}
[debug] [2026-06-08T19:59:34.895Z] Checked if tokens are valid: true, expires at: 1780951372362
[debug] [2026-06-08T19:59:34.895Z] Checked if tokens are valid: true, expires at: 1780951372362
[debug] [2026-06-08T19:59:34.895Z] >>> [apiv2][query] GET https://firebaseapphosting.googleapis.com/v1beta/projects/anniv-enzo/locations/-/backends 
[debug] [2026-06-08T19:59:35.367Z] <<< [apiv2][status] GET https://firebaseapphosting.googleapis.com/v1beta/projects/anniv-enzo/locations/-/backends 200
[debug] [2026-06-08T19:59:35.368Z] <<< [apiv2][body] GET https://firebaseapphosting.googleapis.com/v1beta/projects/anniv-enzo/locations/-/backends {"backends":[{"name":"projects/anniv-enzo/locations/europe-west4/backends/anniv-enzo","createTime":"2026-06-08T19:56:56.810463723Z","updateTime":"2026-06-08T19:56:57.283627Z","labels":{"deployment-tool":"cli-firebase"},"uri":"anniv-enzo--anniv-enzo.europe-west4.hosted.app","uid":"a77bb76b-4128-4430-89db-86c769edaddb","etag":"b0e4LClIgyssq7BHqbyIMRU8QizM3Y-25XOB_u2W9lE","reconciling":false,"servingLocality":"GLOBAL_ACCESS","serviceAccount":"firebase-app-hosting-compute@anniv-enzo.iam.gserviceaccount.com","appId":"1:903004651980:web:27cb3e68325e163ef41d69"}]}
[info] i  apphosting: Found backend(s) anniv-enzo 
[debug] [2026-06-08T19:59:35.369Z] Checked if tokens are valid: true, expires at: 1780951372362
[debug] [2026-06-08T19:59:35.369Z] Checked if tokens are valid: true, expires at: 1780951372362
[debug] [2026-06-08T19:59:35.369Z] >>> [apiv2][query] GET https://firebaserules.googleapis.com/v1/projects/anniv-enzo/releases pageSize=10&pageToken=
[debug] [2026-06-08T19:59:35.732Z] <<< [apiv2][status] GET https://firebaserules.googleapis.com/v1/projects/anniv-enzo/releases 200
[debug] [2026-06-08T19:59:35.732Z] <<< [apiv2][body] GET https://firebaserules.googleapis.com/v1/projects/anniv-enzo/releases {"releases":[{"name":"projects/anniv-enzo/releases/cloud.firestore","rulesetName":"projects/anniv-enzo/rulesets/7a7907ba-769f-48e2-995f-1e8b428c82bc","createTime":"2026-06-08T19:52:44.065473Z","updateTime":"2026-06-08T19:52:44.065473Z"},{"name":"projects/anniv-enzo/releases/firebase.storage/anniv-enzo.firebasestorage.app","rulesetName":"projects/anniv-enzo/rulesets/92d53517-e7b8-4c71-b62a-f8db1c2842f6","createTime":"2026-06-08T19:50:57.050451Z","updateTime":"2026-06-08T19:51:35.773059Z"}]}
[debug] [2026-06-08T19:59:35.751Z] Checked if tokens are valid: true, expires at: 1780951372362
[debug] [2026-06-08T19:59:35.751Z] Checked if tokens are valid: true, expires at: 1780951372362
[debug] [2026-06-08T19:59:35.751Z] >>> [apiv2][query] GET https://firebaserules.googleapis.com/v1/projects/anniv-enzo/rulesets/92d53517-e7b8-4c71-b62a-f8db1c2842f6 [none]
[debug] [2026-06-08T19:59:36.416Z] <<< [apiv2][status] GET https://firebaserules.googleapis.com/v1/projects/anniv-enzo/rulesets/92d53517-e7b8-4c71-b62a-f8db1c2842f6 200
[debug] [2026-06-08T19:59:36.417Z] <<< [apiv2][body] GET https://firebaserules.googleapis.com/v1/projects/anniv-enzo/rulesets/92d53517-e7b8-4c71-b62a-f8db1c2842f6 [omitted]
[debug] [2026-06-08T19:59:36.419Z] Checked if tokens are valid: true, expires at: 1780951372362
[debug] [2026-06-08T19:59:36.419Z] Checked if tokens are valid: true, expires at: 1780951372362
[debug] [2026-06-08T19:59:36.419Z] >>> [apiv2][query] GET https://serviceusage.googleapis.com/v1/projects/anniv-enzo/services/cloudresourcemanager.googleapis.com [none]
[debug] [2026-06-08T19:59:36.419Z] >>> [apiv2][(partial)header] GET https://serviceusage.googleapis.com/v1/projects/anniv-enzo/services/cloudresourcemanager.googleapis.com x-goog-quota-user=projects/anniv-enzo
[debug] [2026-06-08T19:59:37.359Z] <<< [apiv2][status] GET https://serviceusage.googleapis.com/v1/projects/anniv-enzo/services/cloudresourcemanager.googleapis.com 200
[debug] [2026-06-08T19:59:37.359Z] <<< [apiv2][body] GET https://serviceusage.googleapis.com/v1/projects/anniv-enzo/services/cloudresourcemanager.googleapis.com [omitted]
[debug] [2026-06-08T19:59:37.368Z] Checked if tokens are valid: true, expires at: 1780951372362
[debug] [2026-06-08T19:59:37.368Z] Checked if tokens are valid: true, expires at: 1780951372362
[debug] [2026-06-08T19:59:37.368Z] >>> [apiv2][query] GET https://cloudresourcemanager.googleapis.com/v1/projects/anniv-enzo [none]
[debug] [2026-06-08T19:59:37.558Z] <<< [apiv2][status] GET https://cloudresourcemanager.googleapis.com/v1/projects/anniv-enzo 200
[debug] [2026-06-08T19:59:37.558Z] <<< [apiv2][body] GET https://cloudresourcemanager.googleapis.com/v1/projects/anniv-enzo {"projectNumber":"903004651980","projectId":"anniv-enzo","lifecycleState":"ACTIVE","name":"anniv-enzo","labels":{"firebase":"enabled","firebase-core":"disabled"},"createTime":"2026-06-08T19:48:50.396Z"}
[debug] [2026-06-08T19:59:37.559Z] Checked if tokens are valid: true, expires at: 1780951372362
[debug] [2026-06-08T19:59:37.559Z] Checked if tokens are valid: true, expires at: 1780951372362
[debug] [2026-06-08T19:59:37.559Z] >>> [apiv2][query] POST https://cloudresourcemanager.googleapis.com/v1/projects/903004651980:getIamPolicy [none]
[debug] [2026-06-08T19:59:38.067Z] <<< [apiv2][status] POST https://cloudresourcemanager.googleapis.com/v1/projects/903004651980:getIamPolicy 200
[debug] [2026-06-08T19:59:38.067Z] <<< [apiv2][body] POST https://cloudresourcemanager.googleapis.com/v1/projects/903004651980:getIamPolicy {"version":1,"etag":"BwZTw3MWYcs=","bindings":[{"role":"roles/cloudbuild.builds.builder","members":["serviceAccount:903004651980@cloudbuild.gserviceaccount.com"]},{"role":"roles/cloudbuild.serviceAgent","members":["serviceAccount:service-903004651980@gcp-sa-cloudbuild.iam.gserviceaccount.com"]},{"role":"roles/containerregistry.ServiceAgent","members":["serviceAccount:service-903004651980@containerregistry.iam.gserviceaccount.com"]},{"role":"roles/developerconnect.readTokenAccessor","members":["serviceAccount:firebase-app-hosting-compute@anniv-enzo.iam.gserviceaccount.com"]},{"role":"roles/editor","members":["serviceAccount:903004651980-compute@developer.gserviceaccount.com"]},{"role":"roles/firebase.managementServiceAgent","members":["serviceAccount:service-903004651980@gcp-sa-firebase.iam.gserviceaccount.com"]},{"role":"roles/firebase.sdkAdminServiceAgent","members":["serviceAccount:firebase-adminsdk-fbsvc@anniv-enzo.iam.gserviceaccount.com","serviceAccount:firebase-app-hosting-compute@anniv-enzo.iam.gserviceaccount.com"]},{"role":"roles/firebaseapphosting.computeRunner","members":["serviceAccount:firebase-app-hosting-compute@anniv-enzo.iam.gserviceaccount.com"]},{"role":"roles/firebaseapphosting.serviceAgent","members":["serviceAccount:service-903004651980@gcp-sa-firebaseapphosting.iam.gserviceaccount.com"]},{"role":"roles/firebaserules.system","members":["serviceAccount:service-903004651980@firebase-rules.iam.gserviceaccount.com"]},{"role":"roles/firebasestorage.serviceAgent","members":["serviceAccount:service-903004651980@gcp-sa-firebasestorage.iam.gserviceaccount.com"]},{"role":"roles/firestore.serviceAgent","members":["serviceAccount:service-903004651980@gcp-sa-firestore.iam.gserviceaccount.com"]},{"role":"roles/iam.serviceAccountTokenCreator","members":["serviceAccount:firebase-adminsdk-fbsvc@anniv-enzo.iam.gserviceaccount.com"]},{"role":"roles/owner","members":["user:nicolas.borlet7@gmail.com"]},{"role":"roles/run.serviceAgent","members":["serviceAccount:service-903004651980@serverless-robot-prod.iam.gserviceaccount.com"]},{"role":"roles/storage.admin","members":["serviceAccount:firebase-adminsdk-fbsvc@anniv-enzo.iam.gserviceaccount.com"]},{"role":"roles/storage.objectViewer","members":["serviceAccount:firebase-app-hosting-compute@anniv-enzo.iam.gserviceaccount.com"]}]}
[debug] [2026-06-08T19:59:45.473Z] Checked if tokens are valid: true, expires at: 1780951372362
[debug] [2026-06-08T19:59:45.473Z] Checked if tokens are valid: true, expires at: 1780951372362
[debug] [2026-06-08T19:59:45.473Z] >>> [apiv2][query] POST https://cloudresourcemanager.googleapis.com/v1/projects/903004651980:getIamPolicy [none]
[debug] [2026-06-08T19:59:46.188Z] <<< [apiv2][status] POST https://cloudresourcemanager.googleapis.com/v1/projects/903004651980:getIamPolicy 200
[debug] [2026-06-08T19:59:46.188Z] <<< [apiv2][body] POST https://cloudresourcemanager.googleapis.com/v1/projects/903004651980:getIamPolicy {"version":1,"etag":"BwZTw3MWYcs=","bindings":[{"role":"roles/cloudbuild.builds.builder","members":["serviceAccount:903004651980@cloudbuild.gserviceaccount.com"]},{"role":"roles/cloudbuild.serviceAgent","members":["serviceAccount:service-903004651980@gcp-sa-cloudbuild.iam.gserviceaccount.com"]},{"role":"roles/containerregistry.ServiceAgent","members":["serviceAccount:service-903004651980@containerregistry.iam.gserviceaccount.com"]},{"role":"roles/developerconnect.readTokenAccessor","members":["serviceAccount:firebase-app-hosting-compute@anniv-enzo.iam.gserviceaccount.com"]},{"role":"roles/editor","members":["serviceAccount:903004651980-compute@developer.gserviceaccount.com"]},{"role":"roles/firebase.managementServiceAgent","members":["serviceAccount:service-903004651980@gcp-sa-firebase.iam.gserviceaccount.com"]},{"role":"roles/firebase.sdkAdminServiceAgent","members":["serviceAccount:firebase-adminsdk-fbsvc@anniv-enzo.iam.gserviceaccount.com","serviceAccount:firebase-app-hosting-compute@anniv-enzo.iam.gserviceaccount.com"]},{"role":"roles/firebaseapphosting.computeRunner","members":["serviceAccount:firebase-app-hosting-compute@anniv-enzo.iam.gserviceaccount.com"]},{"role":"roles/firebaseapphosting.serviceAgent","members":["serviceAccount:service-903004651980@gcp-sa-firebaseapphosting.iam.gserviceaccount.com"]},{"role":"roles/firebaserules.system","members":["serviceAccount:service-903004651980@firebase-rules.iam.gserviceaccount.com"]},{"role":"roles/firebasestorage.serviceAgent","members":["serviceAccount:service-903004651980@gcp-sa-firebasestorage.iam.gserviceaccount.com"]},{"role":"roles/firestore.serviceAgent","members":["serviceAccount:service-903004651980@gcp-sa-firestore.iam.gserviceaccount.com"]},{"role":"roles/iam.serviceAccountTokenCreator","members":["serviceAccount:firebase-adminsdk-fbsvc@anniv-enzo.iam.gserviceaccount.com"]},{"role":"roles/owner","members":["user:nicolas.borlet7@gmail.com"]},{"role":"roles/run.serviceAgent","members":["serviceAccount:service-903004651980@serverless-robot-prod.iam.gserviceaccount.com"]},{"role":"roles/storage.admin","members":["serviceAccount:firebase-adminsdk-fbsvc@anniv-enzo.iam.gserviceaccount.com"]},{"role":"roles/storage.objectViewer","members":["serviceAccount:firebase-app-hosting-compute@anniv-enzo.iam.gserviceaccount.com"]}]}
[debug] [2026-06-08T19:59:46.189Z] Checked if tokens are valid: true, expires at: 1780951372362
[debug] [2026-06-08T19:59:46.189Z] Checked if tokens are valid: true, expires at: 1780951372362
[debug] [2026-06-08T19:59:46.189Z] >>> [apiv2][query] POST https://cloudresourcemanager.googleapis.com/v1/projects/903004651980:setIamPolicy [none]
[debug] [2026-06-08T19:59:46.189Z] >>> [apiv2][body] POST https://cloudresourcemanager.googleapis.com/v1/projects/903004651980:setIamPolicy {"policy":{"version":1,"etag":"BwZTw3MWYcs=","bindings":[{"role":"roles/cloudbuild.builds.builder","members":["serviceAccount:903004651980@cloudbuild.gserviceaccount.com"]},{"role":"roles/cloudbuild.serviceAgent","members":["serviceAccount:service-903004651980@gcp-sa-cloudbuild.iam.gserviceaccount.com"]},{"role":"roles/containerregistry.ServiceAgent","members":["serviceAccount:service-903004651980@containerregistry.iam.gserviceaccount.com"]},{"role":"roles/developerconnect.readTokenAccessor","members":["serviceAccount:firebase-app-hosting-compute@anniv-enzo.iam.gserviceaccount.com"]},{"role":"roles/editor","members":["serviceAccount:903004651980-compute@developer.gserviceaccount.com"]},{"role":"roles/firebase.managementServiceAgent","members":["serviceAccount:service-903004651980@gcp-sa-firebase.iam.gserviceaccount.com"]},{"role":"roles/firebase.sdkAdminServiceAgent","members":["serviceAccount:firebase-adminsdk-fbsvc@anniv-enzo.iam.gserviceaccount.com","serviceAccount:firebase-app-hosting-compute@anniv-enzo.iam.gserviceaccount.com"]},{"role":"roles/firebaseapphosting.computeRunner","members":["serviceAccount:firebase-app-hosting-compute@anniv-enzo.iam.gserviceaccount.com"]},{"role":"roles/firebaseapphosting.serviceAgent","members":["serviceAccount:service-903004651980@gcp-sa-firebaseapphosting.iam.gserviceaccount.com"]},{"role":"roles/firebaserules.system","members":["serviceAccount:service-903004651980@firebase-rules.iam.gserviceaccount.com"]},{"role":"roles/firebasestorage.serviceAgent","members":["serviceAccount:service-903004651980@gcp-sa-firebasestorage.iam.gserviceaccount.com"]},{"role":"roles/firestore.serviceAgent","members":["serviceAccount:service-903004651980@gcp-sa-firestore.iam.gserviceaccount.com"]},{"role":"roles/iam.serviceAccountTokenCreator","members":["serviceAccount:firebase-adminsdk-fbsvc@anniv-enzo.iam.gserviceaccount.com"]},{"role":"roles/owner","members":["user:nicolas.borlet7@gmail.com"]},{"role":"roles/run.serviceAgent","members":["serviceAccount:service-903004651980@serverless-robot-prod.iam.gserviceaccount.com"]},{"role":"roles/storage.admin","members":["serviceAccount:firebase-adminsdk-fbsvc@anniv-enzo.iam.gserviceaccount.com"]},{"role":"roles/storage.objectViewer","members":["serviceAccount:firebase-app-hosting-compute@anniv-enzo.iam.gserviceaccount.com"]},{"role":"roles/firebaserules.firestoreServiceAgent","members":["serviceAccount:service-903004651980@gcp-sa-firebasestorage.iam.gserviceaccount.com"]}]},"updateMask":"bindings"}
[debug] [2026-06-08T19:59:47.184Z] <<< [apiv2][status] POST https://cloudresourcemanager.googleapis.com/v1/projects/903004651980:setIamPolicy 200
[debug] [2026-06-08T19:59:47.184Z] <<< [apiv2][body] POST https://cloudresourcemanager.googleapis.com/v1/projects/903004651980:setIamPolicy {"version":1,"etag":"BwZTw3PR6qI=","bindings":[{"role":"roles/cloudbuild.builds.builder","members":["serviceAccount:903004651980@cloudbuild.gserviceaccount.com"]},{"role":"roles/cloudbuild.serviceAgent","members":["serviceAccount:service-903004651980@gcp-sa-cloudbuild.iam.gserviceaccount.com"]},{"role":"roles/containerregistry.ServiceAgent","members":["serviceAccount:service-903004651980@containerregistry.iam.gserviceaccount.com"]},{"role":"roles/developerconnect.readTokenAccessor","members":["serviceAccount:firebase-app-hosting-compute@anniv-enzo.iam.gserviceaccount.com"]},{"role":"roles/editor","members":["serviceAccount:903004651980-compute@developer.gserviceaccount.com"]},{"role":"roles/firebase.managementServiceAgent","members":["serviceAccount:service-903004651980@gcp-sa-firebase.iam.gserviceaccount.com"]},{"role":"roles/firebase.sdkAdminServiceAgent","members":["serviceAccount:firebase-adminsdk-fbsvc@anniv-enzo.iam.gserviceaccount.com","serviceAccount:firebase-app-hosting-compute@anniv-enzo.iam.gserviceaccount.com"]},{"role":"roles/firebaseapphosting.computeRunner","members":["serviceAccount:firebase-app-hosting-compute@anniv-enzo.iam.gserviceaccount.com"]},{"role":"roles/firebaseapphosting.serviceAgent","members":["serviceAccount:service-903004651980@gcp-sa-firebaseapphosting.iam.gserviceaccount.com"]},{"role":"roles/firebaserules.firestoreServiceAgent","members":["serviceAccount:service-903004651980@gcp-sa-firebasestorage.iam.gserviceaccount.com"]},{"role":"roles/firebaserules.system","members":["serviceAccount:service-903004651980@firebase-rules.iam.gserviceaccount.com"]},{"role":"roles/firebasestorage.serviceAgent","members":["serviceAccount:service-903004651980@gcp-sa-firebasestorage.iam.gserviceaccount.com"]},{"role":"roles/firestore.serviceAgent","members":["serviceAccount:service-903004651980@gcp-sa-firestore.iam.gserviceaccount.com"]},{"role":"roles/iam.serviceAccountTokenCreator","members":["serviceAccount:firebase-adminsdk-fbsvc@anniv-enzo.iam.gserviceaccount.com"]},{"role":"roles/owner","members":["user:nicolas.borlet7@gmail.com"]},{"role":"roles/run.serviceAgent","members":["serviceAccount:service-903004651980@serverless-robot-prod.iam.gserviceaccount.com"]},{"role":"roles/storage.admin","members":["serviceAccount:firebase-adminsdk-fbsvc@anniv-enzo.iam.gserviceaccount.com"]},{"role":"roles/storage.objectViewer","members":["serviceAccount:firebase-app-hosting-compute@anniv-enzo.iam.gserviceaccount.com"]}]}
[info] i  storage: updated service account for cross-service rules... 
[info] i  storage: uploading rules storage.rules... 
[debug] [2026-06-08T19:59:47.184Z] Checked if tokens are valid: true, expires at: 1780951372362
[debug] [2026-06-08T19:59:47.184Z] Checked if tokens are valid: true, expires at: 1780951372362
[debug] [2026-06-08T19:59:47.185Z] >>> [apiv2][query] POST https://firebaserules.googleapis.com/v1/projects/anniv-enzo/rulesets [none]
[debug] [2026-06-08T19:59:47.185Z] >>> [apiv2][body] POST https://firebaserules.googleapis.com/v1/projects/anniv-enzo/rulesets [omitted]
[debug] [2026-06-08T19:59:48.156Z] <<< [apiv2][status] POST https://firebaserules.googleapis.com/v1/projects/anniv-enzo/rulesets 200
[debug] [2026-06-08T19:59:48.156Z] <<< [apiv2][body] POST https://firebaserules.googleapis.com/v1/projects/anniv-enzo/rulesets {"name":"projects/anniv-enzo/rulesets/465e88b9-9f0b-4105-9fe1-fc35e53b340e","source":{"files":[{"content":"rules_version = '2';\n\n// Craft rules based on data in your Firestore database\n// allow write: if firestore.get(\n//    /databases/(default)/documents/users/$(request.auth.uid)).data.isAdmin;\nservice firebase.storage {\n  match /b/{bucket}/o {\n    match /{allPaths=**} {\n      allow read, write: if false;\n    }\n  }\n}\n","name":"storage.rules"}]},"createTime":"2026-06-08T19:59:48.005167Z","metadata":{"services":["firebase.storage"]}}
[debug] [2026-06-08T19:59:48.156Z] [rules] created ruleset projects/anniv-enzo/rulesets/465e88b9-9f0b-4105-9fe1-fc35e53b340e
[debug] [2026-06-08T19:59:48.157Z] Checked if tokens are valid: true, expires at: 1780951372362
[debug] [2026-06-08T19:59:48.157Z] Checked if tokens are valid: true, expires at: 1780951372362
[debug] [2026-06-08T19:59:48.157Z] >>> [apiv2][query] GET https://firestore.googleapis.com/v1/projects/anniv-enzo/databases/(default) [none]
[debug] [2026-06-08T19:59:48.366Z] <<< [apiv2][status] GET https://firestore.googleapis.com/v1/projects/anniv-enzo/databases/(default) 200
[debug] [2026-06-08T19:59:48.366Z] <<< [apiv2][body] GET https://firestore.googleapis.com/v1/projects/anniv-enzo/databases/(default) {"name":"projects/anniv-enzo/databases/(default)","uid":"d28c3bc0-8a24-4780-85cf-daa0474d6fcd","createTime":"2026-06-08T19:52:42.756912Z","updateTime":"2026-06-08T19:52:42.756912Z","locationId":"eur3","type":"FIRESTORE_NATIVE","concurrencyMode":"PESSIMISTIC","versionRetentionPeriod":"3600s","earliestVersionTime":"2026-06-08T19:52:42.756912Z","appEngineIntegrationMode":"DISABLED","keyPrefix":"e","pointInTimeRecoveryEnablement":"POINT_IN_TIME_RECOVERY_DISABLED","deleteProtectionState":"DELETE_PROTECTION_DISABLED","databaseEdition":"STANDARD","freeTier":true,"realtimeUpdatesMode":"REALTIME_UPDATES_MODE_ENABLED","etag":"IK2rk5+3+JQDMOL+2J62+JQD"}
[debug] [2026-06-08T19:59:48.366Z] Checked if tokens are valid: true, expires at: 1780951372362
[debug] [2026-06-08T19:59:48.366Z] Checked if tokens are valid: true, expires at: 1780951372362
[debug] [2026-06-08T19:59:48.366Z] >>> [apiv2][query] GET https://firebaserules.googleapis.com/v1/projects/anniv-enzo/releases pageSize=10&pageToken=
[debug] [2026-06-08T19:59:49.049Z] <<< [apiv2][status] GET https://firebaserules.googleapis.com/v1/projects/anniv-enzo/releases 200
[debug] [2026-06-08T19:59:49.049Z] <<< [apiv2][body] GET https://firebaserules.googleapis.com/v1/projects/anniv-enzo/releases {"releases":[{"name":"projects/anniv-enzo/releases/cloud.firestore","rulesetName":"projects/anniv-enzo/rulesets/7a7907ba-769f-48e2-995f-1e8b428c82bc","createTime":"2026-06-08T19:52:44.065473Z","updateTime":"2026-06-08T19:52:44.065473Z"},{"name":"projects/anniv-enzo/releases/firebase.storage/anniv-enzo.firebasestorage.app","rulesetName":"projects/anniv-enzo/rulesets/92d53517-e7b8-4c71-b62a-f8db1c2842f6","createTime":"2026-06-08T19:50:57.050451Z","updateTime":"2026-06-08T19:51:35.773059Z"}]}
[debug] [2026-06-08T19:59:49.050Z] Checked if tokens are valid: true, expires at: 1780951372362
[debug] [2026-06-08T19:59:49.050Z] Checked if tokens are valid: true, expires at: 1780951372362
[debug] [2026-06-08T19:59:49.050Z] >>> [apiv2][query] GET https://firebaserules.googleapis.com/v1/projects/anniv-enzo/rulesets/7a7907ba-769f-48e2-995f-1e8b428c82bc [none]
[debug] [2026-06-08T19:59:49.248Z] <<< [apiv2][status] GET https://firebaserules.googleapis.com/v1/projects/anniv-enzo/rulesets/7a7907ba-769f-48e2-995f-1e8b428c82bc 200
[debug] [2026-06-08T19:59:49.249Z] <<< [apiv2][body] GET https://firebaserules.googleapis.com/v1/projects/anniv-enzo/rulesets/7a7907ba-769f-48e2-995f-1e8b428c82bc [omitted]
[info] i  firestore: latest version of firestore.rules already up to date, skipping upload... 
[info] i  firestore: deploying indexes... 
[debug] [2026-06-08T19:59:49.250Z] Checked if tokens are valid: true, expires at: 1780951372362
[debug] [2026-06-08T19:59:49.251Z] Checked if tokens are valid: true, expires at: 1780951372362
[debug] [2026-06-08T19:59:49.251Z] >>> [apiv2][query] GET https://firestore.googleapis.com/v1/projects/anniv-enzo/databases/(default)/collectionGroups/-/indexes [none]
[debug] [2026-06-08T19:59:49.345Z] <<< [apiv2][status] GET https://firestore.googleapis.com/v1/projects/anniv-enzo/databases/(default)/collectionGroups/-/indexes 200
[debug] [2026-06-08T19:59:49.345Z] <<< [apiv2][body] GET https://firestore.googleapis.com/v1/projects/anniv-enzo/databases/(default)/collectionGroups/-/indexes {}
[debug] [2026-06-08T19:59:49.346Z] Checked if tokens are valid: true, expires at: 1780951372362
[debug] [2026-06-08T19:59:49.346Z] Checked if tokens are valid: true, expires at: 1780951372362
[debug] [2026-06-08T19:59:49.346Z] >>> [apiv2][query] GET https://firestore.googleapis.com/v1/projects/anniv-enzo/databases/(default)/collectionGroups/-/fields?filter=indexConfig.usesAncestorConfig=false OR ttlConfig:* [none]
[debug] [2026-06-08T19:59:49.419Z] <<< [apiv2][status] GET https://firestore.googleapis.com/v1/projects/anniv-enzo/databases/(default)/collectionGroups/-/fields?filter=indexConfig.usesAncestorConfig=false OR ttlConfig:* 200
[debug] [2026-06-08T19:59:49.419Z] <<< [apiv2][body] GET https://firestore.googleapis.com/v1/projects/anniv-enzo/databases/(default)/collectionGroups/-/fields?filter=indexConfig.usesAncestorConfig=false OR ttlConfig:* {"fields":[{"name":"projects/anniv-enzo/databases/(default)/collectionGroups/__default__/fields/*","indexConfig":{"indexes":[{"queryScope":"COLLECTION","fields":[{"fieldPath":"*","order":"ASCENDING"}],"state":"READY"},{"queryScope":"COLLECTION","fields":[{"fieldPath":"*","order":"DESCENDING"}],"state":"READY"},{"queryScope":"COLLECTION","fields":[{"fieldPath":"*","arrayConfig":"CONTAINS"}],"state":"READY"}]}}]}
[debug] [2026-06-08T19:59:49.420Z] Checked if tokens are valid: true, expires at: 1780951372362
[debug] [2026-06-08T19:59:49.420Z] Checked if tokens are valid: true, expires at: 1780951372362
[debug] [2026-06-08T19:59:49.420Z] >>> [apiv2][query] GET https://firestore.googleapis.com/v1/projects/anniv-enzo/databases/(default) [none]
[debug] [2026-06-08T19:59:49.560Z] <<< [apiv2][status] GET https://firestore.googleapis.com/v1/projects/anniv-enzo/databases/(default) 200
[debug] [2026-06-08T19:59:49.560Z] <<< [apiv2][body] GET https://firestore.googleapis.com/v1/projects/anniv-enzo/databases/(default) {"name":"projects/anniv-enzo/databases/(default)","uid":"d28c3bc0-8a24-4780-85cf-daa0474d6fcd","createTime":"2026-06-08T19:52:42.756912Z","updateTime":"2026-06-08T19:52:42.756912Z","locationId":"eur3","type":"FIRESTORE_NATIVE","concurrencyMode":"PESSIMISTIC","versionRetentionPeriod":"3600s","earliestVersionTime":"2026-06-08T19:52:42.756912Z","appEngineIntegrationMode":"DISABLED","keyPrefix":"e","pointInTimeRecoveryEnablement":"POINT_IN_TIME_RECOVERY_DISABLED","deleteProtectionState":"DELETE_PROTECTION_DISABLED","databaseEdition":"STANDARD","freeTier":true,"realtimeUpdatesMode":"REALTIME_UPDATES_MODE_ENABLED","etag":"IKyq3J+3+JQDMOL+2J62+JQD"}
[info] ✔  firestore: deployed indexes in firestore.indexes.json successfully for (default) database 
[info] i  hosting[anniv-enzo-71d2b]: beginning deploy... 
[info] i  hosting[anniv-enzo-71d2b]: found 5 files in public 
[debug] [2026-06-08T19:59:49.580Z] [hosting] uploading with 200 concurrency
[debug] [2026-06-08T19:59:49.581Z] [hosting] hash cache [cHVibGlj] not populated
[debug] [2026-06-08T19:59:49.587Z] Checked if tokens are valid: true, expires at: 1780951372362
[debug] [2026-06-08T19:59:49.587Z] Checked if tokens are valid: true, expires at: 1780951372362
[debug] [2026-06-08T19:59:49.587Z] [hosting] hash cache [cHVibGlj] stored for 5 files
[debug] [2026-06-08T19:59:49.588Z] [hosting][hash queue][FINAL] {"max":4,"min":3,"avg":3.4,"active":0,"complete":5,"success":5,"errored":0,"retried":0,"total":5,"elapsed":6}
[debug] [2026-06-08T19:59:49.588Z] >>> [apiv2][query] POST https://firebasehosting.googleapis.com/v1beta1/projects/903004651980/sites/anniv-enzo-71d2b/versions/b0527d0a134b17b9:populateFiles [none]
[debug] [2026-06-08T19:59:49.588Z] >>> [apiv2][body] POST https://firebasehosting.googleapis.com/v1beta1/projects/903004651980/sites/anniv-enzo-71d2b/versions/b0527d0a134b17b9:populateFiles {"files":{"/vercel.svg":"9a61e768442ba3450026d0d69421315044931cbffaf8f6019f856ea82dd91e4e","/window.svg":"11deaca6eadbb148caace8a5fe4a67353112de0afc5da83005d4797e403ab4f1","/globe.svg":"ffe166407c928caa4d1640e2786d3385468043b3b9e6ea2282d4a3e370b3bc23","/next.svg":"33c5c6ad1d08bb69d8026289530e377b4d6e2a96f24562e209fd1e1e9ccee64a","/file.svg":"154a8c2948836a88c695a789045bc44cc74c3d8958d5785a531d26324bc42cb1"}}
[debug] [2026-06-08T19:59:51.037Z] <<< [apiv2][status] POST https://firebasehosting.googleapis.com/v1beta1/projects/903004651980/sites/anniv-enzo-71d2b/versions/b0527d0a134b17b9:populateFiles 200
[debug] [2026-06-08T19:59:51.038Z] <<< [apiv2][body] POST https://firebasehosting.googleapis.com/v1beta1/projects/903004651980/sites/anniv-enzo-71d2b/versions/b0527d0a134b17b9:populateFiles {"uploadRequiredHashes":["11deaca6eadbb148caace8a5fe4a67353112de0afc5da83005d4797e403ab4f1","ffe166407c928caa4d1640e2786d3385468043b3b9e6ea2282d4a3e370b3bc23","33c5c6ad1d08bb69d8026289530e377b4d6e2a96f24562e209fd1e1e9ccee64a","154a8c2948836a88c695a789045bc44cc74c3d8958d5785a531d26324bc42cb1","9a61e768442ba3450026d0d69421315044931cbffaf8f6019f856ea82dd91e4e"],"uploadUrl":"https://upload-firebasehosting.googleapis.com/upload/sites/anniv-enzo-71d2b/versions/b0527d0a134b17b9/files"}
[debug] [2026-06-08T19:59:51.040Z] Checked if tokens are valid: true, expires at: 1780951372362
[debug] [2026-06-08T19:59:51.040Z] Checked if tokens are valid: true, expires at: 1780951372362
[debug] [2026-06-08T19:59:51.040Z] Checked if tokens are valid: true, expires at: 1780951372362
[debug] [2026-06-08T19:59:51.040Z] Checked if tokens are valid: true, expires at: 1780951372362
[debug] [2026-06-08T19:59:51.040Z] Checked if tokens are valid: true, expires at: 1780951372362
[debug] [2026-06-08T19:59:51.040Z] Checked if tokens are valid: true, expires at: 1780951372362
[debug] [2026-06-08T19:59:51.040Z] Checked if tokens are valid: true, expires at: 1780951372362
[debug] [2026-06-08T19:59:51.040Z] Checked if tokens are valid: true, expires at: 1780951372362
[debug] [2026-06-08T19:59:51.040Z] Checked if tokens are valid: true, expires at: 1780951372362
[debug] [2026-06-08T19:59:51.040Z] Checked if tokens are valid: true, expires at: 1780951372362
[debug] [2026-06-08T19:59:51.041Z] >>> [apiv2][query] POST https://upload-firebasehosting.googleapis.com/upload/sites/anniv-enzo-71d2b/versions/b0527d0a134b17b9/files/11deaca6eadbb148caace8a5fe4a67353112de0afc5da83005d4797e403ab4f1 [none]
[debug] [2026-06-08T19:59:51.041Z] >>> [apiv2][body] POST https://upload-firebasehosting.googleapis.com/upload/sites/anniv-enzo-71d2b/versions/b0527d0a134b17b9/files/11deaca6eadbb148caace8a5fe4a67353112de0afc5da83005d4797e403ab4f1 [stream]
[debug] [2026-06-08T19:59:51.042Z] >>> [apiv2][query] POST https://upload-firebasehosting.googleapis.com/upload/sites/anniv-enzo-71d2b/versions/b0527d0a134b17b9/files/ffe166407c928caa4d1640e2786d3385468043b3b9e6ea2282d4a3e370b3bc23 [none]
[debug] [2026-06-08T19:59:51.042Z] >>> [apiv2][body] POST https://upload-firebasehosting.googleapis.com/upload/sites/anniv-enzo-71d2b/versions/b0527d0a134b17b9/files/ffe166407c928caa4d1640e2786d3385468043b3b9e6ea2282d4a3e370b3bc23 [stream]
[debug] [2026-06-08T19:59:51.043Z] >>> [apiv2][query] POST https://upload-firebasehosting.googleapis.com/upload/sites/anniv-enzo-71d2b/versions/b0527d0a134b17b9/files/33c5c6ad1d08bb69d8026289530e377b4d6e2a96f24562e209fd1e1e9ccee64a [none]
[debug] [2026-06-08T19:59:51.043Z] >>> [apiv2][body] POST https://upload-firebasehosting.googleapis.com/upload/sites/anniv-enzo-71d2b/versions/b0527d0a134b17b9/files/33c5c6ad1d08bb69d8026289530e377b4d6e2a96f24562e209fd1e1e9ccee64a [stream]
[debug] [2026-06-08T19:59:51.044Z] >>> [apiv2][query] POST https://upload-firebasehosting.googleapis.com/upload/sites/anniv-enzo-71d2b/versions/b0527d0a134b17b9/files/154a8c2948836a88c695a789045bc44cc74c3d8958d5785a531d26324bc42cb1 [none]
[debug] [2026-06-08T19:59:51.044Z] >>> [apiv2][body] POST https://upload-firebasehosting.googleapis.com/upload/sites/anniv-enzo-71d2b/versions/b0527d0a134b17b9/files/154a8c2948836a88c695a789045bc44cc74c3d8958d5785a531d26324bc42cb1 [stream]
[debug] [2026-06-08T19:59:51.045Z] >>> [apiv2][query] POST https://upload-firebasehosting.googleapis.com/upload/sites/anniv-enzo-71d2b/versions/b0527d0a134b17b9/files/9a61e768442ba3450026d0d69421315044931cbffaf8f6019f856ea82dd91e4e [none]
[debug] [2026-06-08T19:59:51.045Z] >>> [apiv2][body] POST https://upload-firebasehosting.googleapis.com/upload/sites/anniv-enzo-71d2b/versions/b0527d0a134b17b9/files/9a61e768442ba3450026d0d69421315044931cbffaf8f6019f856ea82dd91e4e [stream]
[debug] [2026-06-08T19:59:51.046Z] [hosting][populate queue][FINAL] {"max":1454,"min":1454,"avg":1454,"active":0,"complete":1,"success":1,"errored":0,"retried":0,"total":1,"elapsed":1459}
[debug] [2026-06-08T19:59:51.046Z] [hosting] uploads queued: 5
[debug] [2026-06-08T19:59:51.763Z] <<< [apiv2][status] POST https://upload-firebasehosting.googleapis.com/upload/sites/anniv-enzo-71d2b/versions/b0527d0a134b17b9/files/9a61e768442ba3450026d0d69421315044931cbffaf8f6019f856ea82dd91e4e 200
[debug] [2026-06-08T19:59:51.763Z] <<< [apiv2][body] POST https://upload-firebasehosting.googleapis.com/upload/sites/anniv-enzo-71d2b/versions/b0527d0a134b17b9/files/9a61e768442ba3450026d0d69421315044931cbffaf8f6019f856ea82dd91e4e [stream]
[debug] [2026-06-08T19:59:51.773Z] <<< [apiv2][status] POST https://upload-firebasehosting.googleapis.com/upload/sites/anniv-enzo-71d2b/versions/b0527d0a134b17b9/files/11deaca6eadbb148caace8a5fe4a67353112de0afc5da83005d4797e403ab4f1 200
[debug] [2026-06-08T19:59:51.773Z] <<< [apiv2][body] POST https://upload-firebasehosting.googleapis.com/upload/sites/anniv-enzo-71d2b/versions/b0527d0a134b17b9/files/11deaca6eadbb148caace8a5fe4a67353112de0afc5da83005d4797e403ab4f1 [stream]
[debug] [2026-06-08T19:59:51.774Z] <<< [apiv2][status] POST https://upload-firebasehosting.googleapis.com/upload/sites/anniv-enzo-71d2b/versions/b0527d0a134b17b9/files/33c5c6ad1d08bb69d8026289530e377b4d6e2a96f24562e209fd1e1e9ccee64a 200
[debug] [2026-06-08T19:59:51.774Z] <<< [apiv2][body] POST https://upload-firebasehosting.googleapis.com/upload/sites/anniv-enzo-71d2b/versions/b0527d0a134b17b9/files/33c5c6ad1d08bb69d8026289530e377b4d6e2a96f24562e209fd1e1e9ccee64a [stream]
[debug] [2026-06-08T19:59:51.800Z] <<< [apiv2][status] POST https://upload-firebasehosting.googleapis.com/upload/sites/anniv-enzo-71d2b/versions/b0527d0a134b17b9/files/ffe166407c928caa4d1640e2786d3385468043b3b9e6ea2282d4a3e370b3bc23 200
[debug] [2026-06-08T19:59:51.800Z] <<< [apiv2][body] POST https://upload-firebasehosting.googleapis.com/upload/sites/anniv-enzo-71d2b/versions/b0527d0a134b17b9/files/ffe166407c928caa4d1640e2786d3385468043b3b9e6ea2282d4a3e370b3bc23 [stream]
[debug] [2026-06-08T19:59:51.819Z] <<< [apiv2][status] POST https://upload-firebasehosting.googleapis.com/upload/sites/anniv-enzo-71d2b/versions/b0527d0a134b17b9/files/154a8c2948836a88c695a789045bc44cc74c3d8958d5785a531d26324bc42cb1 200
[debug] [2026-06-08T19:59:51.820Z] <<< [apiv2][body] POST https://upload-firebasehosting.googleapis.com/upload/sites/anniv-enzo-71d2b/versions/b0527d0a134b17b9/files/154a8c2948836a88c695a789045bc44cc74c3d8958d5785a531d26324bc42cb1 [stream]
[debug] [2026-06-08T19:59:51.820Z] [hosting][upload queue][FINAL] {"max":780,"min":723,"avg":746.2,"active":0,"complete":5,"success":5,"errored":0,"retried":0,"total":5,"elapsed":781}
[info] ✔  hosting[anniv-enzo-71d2b]: file upload complete 
[debug] [2026-06-08T19:59:51.821Z] [hosting] deploy completed after 2257ms
[debug] [2026-06-08T19:59:51.821Z] Checked if tokens are valid: true, expires at: 1780951372362
[debug] [2026-06-08T19:59:51.822Z] Checked if tokens are valid: true, expires at: 1780951372362
[debug] [2026-06-08T19:59:51.822Z] >>> [apiv2][query] GET https://storage.googleapis.com/storage/v1/b/firebaseapphosting-sources-903004651980-europe-west4 [none]
[debug] [2026-06-08T19:59:52.439Z] <<< [apiv2][status] GET https://storage.googleapis.com/storage/v1/b/firebaseapphosting-sources-903004651980-europe-west4 404
[debug] [2026-06-08T19:59:52.439Z] <<< [apiv2][body] GET https://storage.googleapis.com/storage/v1/b/firebaseapphosting-sources-903004651980-europe-west4 {"error":{"code":404,"message":"The specified bucket does not exist.","errors":[{"message":"The specified bucket does not exist.","domain":"global","reason":"notFound"}]}}
[debug] Request to https://storage.googleapis.com/storage/v1/b/firebaseapphosting-sources-903004651980-europe-west4 had HTTP Error: 404, The specified bucket does not exist.
[info] i  apphosting: Creating Cloud Storage bucket in europe-west4 to store App Hosting source code uploads at firebaseapphosting-sources-903004651980-europe-west4... 
[debug] [2026-06-08T19:59:52.440Z] Checked if tokens are valid: true, expires at: 1780951372362
[debug] [2026-06-08T19:59:52.440Z] Checked if tokens are valid: true, expires at: 1780951372362
[debug] [2026-06-08T19:59:52.440Z] >>> [apiv2][query] POST https://storage.googleapis.com/storage/v1/b project=anniv-enzo
[debug] [2026-06-08T19:59:52.440Z] >>> [apiv2][body] POST https://storage.googleapis.com/storage/v1/b {"name":"firebaseapphosting-sources-903004651980-europe-west4","location":"europe-west4","lifecycle":{"rule":[{"action":{"type":"Delete"},"condition":{"age":30}}]}}
[debug] [2026-06-08T19:59:53.929Z] <<< [apiv2][status] POST https://storage.googleapis.com/storage/v1/b 200
[debug] [2026-06-08T19:59:53.929Z] <<< [apiv2][body] POST https://storage.googleapis.com/storage/v1/b {"kind":"storage#bucket","selfLink":"https://www.googleapis.com/storage/v1/b/firebaseapphosting-sources-903004651980-europe-west4","id":"firebaseapphosting-sources-903004651980-europe-west4","name":"firebaseapphosting-sources-903004651980-europe-west4","projectNumber":"903004651980","generation":"1780948793385800815","metageneration":"1","location":"EUROPE-WEST4","storageClass":"STANDARD","etag":"CAE=","timeCreated":"2026-06-08T19:59:53.821Z","updated":"2026-06-08T19:59:53.821Z","lifecycle":{"rule":[{"action":{"type":"Delete"},"condition":{"age":30}}]},"softDeletePolicy":{"retentionDurationSeconds":"604800","effectiveTime":"2026-06-08T19:59:53.821Z"},"iamConfiguration":{"bucketPolicyOnly":{"enabled":false},"uniformBucketLevelAccess":{"enabled":false},"publicAccessPrevention":"inherited"},"locationType":"region","satisfiesPZI":true}
[info] i  apphosting: Uploading source code at /Users/nicolasborlet/Code/anniv-enzo for backend anniv-enzo... 
[debug] [2026-06-08T19:59:54.005Z] Checked if tokens are valid: true, expires at: 1780951372362
[debug] [2026-06-08T19:59:54.005Z] Checked if tokens are valid: true, expires at: 1780951372362
[debug] [2026-06-08T19:59:54.005Z] >>> [apiv2][query] PUT https://storage.googleapis.com/firebaseapphosting-sources-903004651980-europe-west4/anniv-enzo--32368-VOHehmlfmttX-.zip [none]
[debug] [2026-06-08T19:59:54.005Z] >>> [apiv2][body] PUT https://storage.googleapis.com/firebaseapphosting-sources-903004651980-europe-west4/anniv-enzo--32368-VOHehmlfmttX-.zip [stream]
[debug] [2026-06-08T19:59:54.226Z] <<< [apiv2][status] PUT https://storage.googleapis.com/firebaseapphosting-sources-903004651980-europe-west4/anniv-enzo--32368-VOHehmlfmttX-.zip 200
[debug] [2026-06-08T19:59:54.226Z] <<< [apiv2][body] PUT https://storage.googleapis.com/firebaseapphosting-sources-903004651980-europe-west4/anniv-enzo--32368-VOHehmlfmttX-.zip undefined
[info] i  apphosting: Source code uploaded at gs://firebaseapphosting-sources-903004651980-europe-west4/anniv-enzo--32368-VOHehmlfmttX-.zip 
[debug] [2026-06-08T19:59:54.227Z] [rules] releasing firebase.storage/anniv-enzo.firebasestorage.app with ruleset projects/anniv-enzo/rulesets/465e88b9-9f0b-4105-9fe1-fc35e53b340e
[debug] [2026-06-08T19:59:54.227Z] Checked if tokens are valid: true, expires at: 1780951372362
[debug] [2026-06-08T19:59:54.227Z] Checked if tokens are valid: true, expires at: 1780951372362
[debug] [2026-06-08T19:59:54.227Z] >>> [apiv2][query] PATCH https://firebaserules.googleapis.com/v1/projects/anniv-enzo/releases/firebase.storage/anniv-enzo.firebasestorage.app [none]
[debug] [2026-06-08T19:59:54.227Z] >>> [apiv2][body] PATCH https://firebaserules.googleapis.com/v1/projects/anniv-enzo/releases/firebase.storage/anniv-enzo.firebasestorage.app {"release":{"name":"projects/anniv-enzo/releases/firebase.storage/anniv-enzo.firebasestorage.app","rulesetName":"projects/anniv-enzo/rulesets/465e88b9-9f0b-4105-9fe1-fc35e53b340e"}}
[debug] [2026-06-08T19:59:54.700Z] <<< [apiv2][status] PATCH https://firebaserules.googleapis.com/v1/projects/anniv-enzo/releases/firebase.storage/anniv-enzo.firebasestorage.app 200
[debug] [2026-06-08T19:59:54.700Z] <<< [apiv2][body] PATCH https://firebaserules.googleapis.com/v1/projects/anniv-enzo/releases/firebase.storage/anniv-enzo.firebasestorage.app {"name":"projects/anniv-enzo/releases/firebase.storage/anniv-enzo.firebasestorage.app","rulesetName":"projects/anniv-enzo/rulesets/465e88b9-9f0b-4105-9fe1-fc35e53b340e","createTime":"2026-06-08T19:50:57.050451Z","updateTime":"2026-06-08T19:59:54.635782Z"}
[debug] [2026-06-08T19:59:54.700Z] [rules] updated release projects/anniv-enzo/releases/firebase.storage/anniv-enzo.firebasestorage.app
[info] ✔  storage: released rules storage.rules to firebase.storage 
[debug] [2026-06-08T19:59:54.700Z] [rules] releasing cloud.firestore/(default) with ruleset projects/anniv-enzo/rulesets/7a7907ba-769f-48e2-995f-1e8b428c82bc
[debug] [2026-06-08T19:59:54.701Z] Checked if tokens are valid: true, expires at: 1780951372362
[debug] [2026-06-08T19:59:54.701Z] Checked if tokens are valid: true, expires at: 1780951372362
[debug] [2026-06-08T19:59:54.701Z] >>> [apiv2][query] PATCH https://firebaserules.googleapis.com/v1/projects/anniv-enzo/releases/cloud.firestore/(default) [none]
[debug] [2026-06-08T19:59:54.701Z] >>> [apiv2][body] PATCH https://firebaserules.googleapis.com/v1/projects/anniv-enzo/releases/cloud.firestore/(default) {"release":{"name":"projects/anniv-enzo/releases/cloud.firestore/(default)","rulesetName":"projects/anniv-enzo/rulesets/7a7907ba-769f-48e2-995f-1e8b428c82bc"}}
[debug] [2026-06-08T19:59:55.070Z] <<< [apiv2][status] PATCH https://firebaserules.googleapis.com/v1/projects/anniv-enzo/releases/cloud.firestore/(default) 200
[debug] [2026-06-08T19:59:55.070Z] <<< [apiv2][body] PATCH https://firebaserules.googleapis.com/v1/projects/anniv-enzo/releases/cloud.firestore/(default) {"name":"projects/anniv-enzo/releases/cloud.firestore","rulesetName":"projects/anniv-enzo/rulesets/7a7907ba-769f-48e2-995f-1e8b428c82bc","createTime":"2026-06-08T19:52:44.065473Z","updateTime":"2026-06-08T19:59:55.001992Z"}
[debug] [2026-06-08T19:59:55.070Z] [rules] updated release projects/anniv-enzo/releases/cloud.firestore
[info] ✔  firestore: released rules firestore.rules to cloud.firestore 
[debug] [2026-06-08T19:59:55.070Z] [
  {
    "config": {
      "site": "anniv-enzo-71d2b",
      "public": "public"
    },
    "version": "projects/903004651980/sites/anniv-enzo-71d2b/versions/b0527d0a134b17b9"
  }
]
[info] i  hosting[anniv-enzo-71d2b]: finalizing version... 
[debug] [2026-06-08T19:59:55.073Z] Checked if tokens are valid: true, expires at: 1780951372362
[debug] [2026-06-08T19:59:55.073Z] Checked if tokens are valid: true, expires at: 1780951372362
[debug] [2026-06-08T19:59:55.074Z] >>> [apiv2][query] PATCH https://firebasehosting.googleapis.com/v1beta1/projects/-/sites/anniv-enzo-71d2b/versions/b0527d0a134b17b9 updateMask=status%2Cconfig
[debug] [2026-06-08T19:59:55.074Z] >>> [apiv2][body] PATCH https://firebasehosting.googleapis.com/v1beta1/projects/-/sites/anniv-enzo-71d2b/versions/b0527d0a134b17b9 {"status":"FINALIZED","config":{}}
[debug] [2026-06-08T19:59:56.634Z] <<< [apiv2][status] PATCH https://firebasehosting.googleapis.com/v1beta1/projects/-/sites/anniv-enzo-71d2b/versions/b0527d0a134b17b9 200
[debug] [2026-06-08T19:59:56.635Z] <<< [apiv2][body] PATCH https://firebasehosting.googleapis.com/v1beta1/projects/-/sites/anniv-enzo-71d2b/versions/b0527d0a134b17b9 {"name":"projects/903004651980/sites/anniv-enzo-71d2b/versions/b0527d0a134b17b9","status":"FINALIZED","config":{},"labels":{"deployment-tool":"cli-firebase"},"createTime":"2026-06-08T19:59:30.098571Z","createUser":{"email":"nicolas.borlet7@gmail.com"},"finalizeTime":"2026-06-08T19:59:56.373112Z","finalizeUser":{"email":"nicolas.borlet7@gmail.com"}}
[debug] [2026-06-08T19:59:56.635Z] [hosting] finalized version for anniv-enzo-71d2b:[object Object]
[info] ✔  hosting[anniv-enzo-71d2b]: version finalized 
[info] i  hosting[anniv-enzo-71d2b]: releasing new version... 
[debug] [2026-06-08T19:59:56.635Z] Checked if tokens are valid: true, expires at: 1780951372362
[debug] [2026-06-08T19:59:56.635Z] Checked if tokens are valid: true, expires at: 1780951372362
[debug] [2026-06-08T19:59:56.636Z] >>> [apiv2][query] POST https://firebasehosting.googleapis.com/v1beta1/projects/-/sites/anniv-enzo-71d2b/channels/live/releases versionName=projects%2F903004651980%2Fsites%2Fanniv-enzo-71d2b%2Fversions%2Fb0527d0a134b17b9
[debug] [2026-06-08T19:59:56.636Z] >>> [apiv2][body] POST https://firebasehosting.googleapis.com/v1beta1/projects/-/sites/anniv-enzo-71d2b/channels/live/releases {}
[debug] [2026-06-08T19:59:57.741Z] <<< [apiv2][status] POST https://firebasehosting.googleapis.com/v1beta1/projects/-/sites/anniv-enzo-71d2b/channels/live/releases 200
[debug] [2026-06-08T19:59:57.741Z] <<< [apiv2][body] POST https://firebasehosting.googleapis.com/v1beta1/projects/-/sites/anniv-enzo-71d2b/channels/live/releases {"name":"projects/903004651980/sites/anniv-enzo-71d2b/channels/live/releases/1780948796648000","version":{"name":"projects/903004651980/sites/anniv-enzo-71d2b/versions/b0527d0a134b17b9","status":"FINALIZED","config":{},"labels":{"deployment-tool":"cli-firebase"},"createTime":"2026-06-08T19:59:30.098571Z","createUser":{"email":"nicolas.borlet7@gmail.com","imageUrl":"https://lh3.googleusercontent.com/a/ACg8ocJRNEAoCAfO3y9aNcC3SJErjfueTE4Tu-i__S6mdVy09fKb0dHM"},"finalizeTime":"2026-06-08T19:59:56.373112Z","finalizeUser":{"email":"nicolas.borlet7@gmail.com","imageUrl":"https://lh3.googleusercontent.com/a/ACg8ocJRNEAoCAfO3y9aNcC3SJErjfueTE4Tu-i__S6mdVy09fKb0dHM"}},"type":"DEPLOY","releaseTime":"2026-06-08T19:59:56.648Z","releaseUser":{"email":"nicolas.borlet7@gmail.com","imageUrl":"https://lh3.googleusercontent.com/a/ACg8ocJRNEAoCAfO3y9aNcC3SJErjfueTE4Tu-i__S6mdVy09fKb0dHM"}}
[debug] [2026-06-08T19:59:57.741Z] [hosting] release: {"name":"projects/903004651980/sites/anniv-enzo-71d2b/channels/live/releases/1780948796648000","version":{"name":"projects/903004651980/sites/anniv-enzo-71d2b/versions/b0527d0a134b17b9","status":"FINALIZED","config":{},"labels":{"deployment-tool":"cli-firebase"},"createTime":"2026-06-08T19:59:30.098571Z","createUser":{"email":"nicolas.borlet7@gmail.com","imageUrl":"https://lh3.googleusercontent.com/a/ACg8ocJRNEAoCAfO3y9aNcC3SJErjfueTE4Tu-i__S6mdVy09fKb0dHM"},"finalizeTime":"2026-06-08T19:59:56.373112Z","finalizeUser":{"email":"nicolas.borlet7@gmail.com","imageUrl":"https://lh3.googleusercontent.com/a/ACg8ocJRNEAoCAfO3y9aNcC3SJErjfueTE4Tu-i__S6mdVy09fKb0dHM"}},"type":"DEPLOY","releaseTime":"2026-06-08T19:59:56.648Z","releaseUser":{"email":"nicolas.borlet7@gmail.com","imageUrl":"https://lh3.googleusercontent.com/a/ACg8ocJRNEAoCAfO3y9aNcC3SJErjfueTE4Tu-i__S6mdVy09fKb0dHM"}}
[info] ✔  hosting[anniv-enzo-71d2b]: release complete 
[debug] [2026-06-08T19:59:57.742Z] Checked if tokens are valid: true, expires at: 1780951372362
[debug] [2026-06-08T19:59:57.742Z] Checked if tokens are valid: true, expires at: 1780951372362
[debug] [2026-06-08T19:59:57.743Z] Checked if tokens are valid: true, expires at: 1780951372362
[debug] [2026-06-08T19:59:57.743Z] Checked if tokens are valid: true, expires at: 1780951372362
[info] i  apphosting: You may also track the rollout(s) at:
	https://console.firebase.google.com/project/anniv-enzo/apphosting 
[debug] [2026-06-08T19:59:57.743Z] >>> [apiv2][query] GET https://firebaseapphosting.googleapis.com/v1beta/projects/anniv-enzo/locations/europe-west4/backends/anniv-enzo/rollouts 
[debug] [2026-06-08T19:59:57.745Z] >>> [apiv2][query] GET https://firebaseapphosting.googleapis.com/v1beta/projects/anniv-enzo/locations/europe-west4/backends/anniv-enzo/builds 
[debug] [2026-06-08T19:59:57.894Z] <<< [apiv2][status] GET https://firebaseapphosting.googleapis.com/v1beta/projects/anniv-enzo/locations/europe-west4/backends/anniv-enzo/builds 200
[debug] [2026-06-08T19:59:57.894Z] <<< [apiv2][body] GET https://firebaseapphosting.googleapis.com/v1beta/projects/anniv-enzo/locations/europe-west4/backends/anniv-enzo/builds {}
[debug] [2026-06-08T19:59:57.917Z] <<< [apiv2][status] GET https://firebaseapphosting.googleapis.com/v1beta/projects/anniv-enzo/locations/europe-west4/backends/anniv-enzo/rollouts 200
[debug] [2026-06-08T19:59:57.918Z] <<< [apiv2][body] GET https://firebaseapphosting.googleapis.com/v1beta/projects/anniv-enzo/locations/europe-west4/backends/anniv-enzo/rollouts {}
[debug] [2026-06-08T19:59:57.918Z] Checked if tokens are valid: true, expires at: 1780951372362
[debug] [2026-06-08T19:59:57.918Z] Checked if tokens are valid: true, expires at: 1780951372362
[debug] [2026-06-08T19:59:57.918Z] >>> [apiv2][query] POST https://firebaseapphosting.googleapis.com/v1beta/projects/anniv-enzo/locations/europe-west4/backends/anniv-enzo/builds buildId=build-2026-06-08-001
[debug] [2026-06-08T19:59:57.918Z] >>> [apiv2][body] POST https://firebaseapphosting.googleapis.com/v1beta/projects/anniv-enzo/locations/europe-west4/backends/anniv-enzo/builds {"source":{"archive":{"userStorageUri":"gs://firebaseapphosting-sources-903004651980-europe-west4/anniv-enzo--32368-VOHehmlfmttX-.zip","rootDirectory":"/"}},"labels":{"deployment-tool":"cli-firebase"}}
[debug] [2026-06-08T19:59:58.078Z] <<< [apiv2][status] POST https://firebaseapphosting.googleapis.com/v1beta/projects/anniv-enzo/locations/europe-west4/backends/anniv-enzo/builds 200
[debug] [2026-06-08T19:59:58.079Z] <<< [apiv2][body] POST https://firebaseapphosting.googleapis.com/v1beta/projects/anniv-enzo/locations/europe-west4/backends/anniv-enzo/builds {"name":"projects/anniv-enzo/locations/europe-west4/operations/operation-1780948798038-653c374786009-f57c52fc-d05438fb","metadata":{"@type":"type.googleapis.com/google.firebase.apphosting.v1beta.OperationMetadata","createTime":"2026-06-08T19:59:58.067287935Z","target":"projects/anniv-enzo/locations/europe-west4/backends/anniv-enzo/builds/build-2026-06-08-001","verb":"create","requestedCancellation":false,"apiVersion":"v1beta"},"done":false}
[debug] [2026-06-08T19:59:58.079Z] Checked if tokens are valid: true, expires at: 1780951372362
[debug] [2026-06-08T19:59:58.079Z] Checked if tokens are valid: true, expires at: 1780951372362
[debug] [2026-06-08T19:59:58.079Z] >>> [apiv2][query] POST https://firebaseapphosting.googleapis.com/v1beta/projects/anniv-enzo/locations/europe-west4/backends/anniv-enzo/rollouts rolloutId=build-2026-06-08-001&validateOnly=true
[debug] [2026-06-08T19:59:58.079Z] >>> [apiv2][body] POST https://firebaseapphosting.googleapis.com/v1beta/projects/anniv-enzo/locations/europe-west4/backends/anniv-enzo/rollouts {"build":"projects/anniv-enzo/locations/europe-west4/backends/anniv-enzo/builds/build-2026-06-08-001","labels":{"deployment-tool":"cli-firebase"}}
[debug] [2026-06-08T19:59:58.220Z] <<< [apiv2][status] POST https://firebaseapphosting.googleapis.com/v1beta/projects/anniv-enzo/locations/europe-west4/backends/anniv-enzo/rollouts 200
[debug] [2026-06-08T19:59:58.221Z] <<< [apiv2][body] POST https://firebaseapphosting.googleapis.com/v1beta/projects/anniv-enzo/locations/europe-west4/backends/anniv-enzo/rollouts {"name":"","metadata":{},"done":true}
[debug] [2026-06-08T19:59:58.221Z] Checked if tokens are valid: true, expires at: 1780951372362
[debug] [2026-06-08T19:59:58.221Z] Checked if tokens are valid: true, expires at: 1780951372362
[debug] [2026-06-08T19:59:58.221Z] >>> [apiv2][query] POST https://firebaseapphosting.googleapis.com/v1beta/projects/anniv-enzo/locations/europe-west4/backends/anniv-enzo/rollouts rolloutId=build-2026-06-08-001&validateOnly=false
[debug] [2026-06-08T19:59:58.221Z] >>> [apiv2][body] POST https://firebaseapphosting.googleapis.com/v1beta/projects/anniv-enzo/locations/europe-west4/backends/anniv-enzo/rollouts {"build":"projects/anniv-enzo/locations/europe-west4/backends/anniv-enzo/builds/build-2026-06-08-001","labels":{"deployment-tool":"cli-firebase"}}
[debug] [2026-06-08T19:59:58.412Z] <<< [apiv2][status] POST https://firebaseapphosting.googleapis.com/v1beta/projects/anniv-enzo/locations/europe-west4/backends/anniv-enzo/rollouts 200
[debug] [2026-06-08T19:59:58.413Z] <<< [apiv2][body] POST https://firebaseapphosting.googleapis.com/v1beta/projects/anniv-enzo/locations/europe-west4/backends/anniv-enzo/rollouts {"name":"projects/anniv-enzo/locations/europe-west4/operations/operation-1780948798389-653c3747dbcb2-a02fd9ad-fd50358d","metadata":{"@type":"type.googleapis.com/google.firebase.apphosting.v1beta.OperationMetadata","createTime":"2026-06-08T19:59:58.403977686Z","target":"projects/anniv-enzo/locations/europe-west4/backends/anniv-enzo/rollouts/build-2026-06-08-001","verb":"create","requestedCancellation":false,"apiVersion":"v1beta"},"done":false}
[debug] [2026-06-08T19:59:58.413Z] Checked if tokens are valid: true, expires at: 1780951372362
[debug] [2026-06-08T19:59:58.413Z] Checked if tokens are valid: true, expires at: 1780951372362
[debug] [2026-06-08T19:59:58.414Z] Checked if tokens are valid: true, expires at: 1780951372362
[debug] [2026-06-08T19:59:58.414Z] Checked if tokens are valid: true, expires at: 1780951372362
[debug] [2026-06-08T19:59:58.415Z] >>> [apiv2][query] GET https://firebaseapphosting.googleapis.com/v1beta/projects/anniv-enzo/locations/europe-west4/operations/operation-1780948798389-653c3747dbcb2-a02fd9ad-fd50358d [none]
[debug] [2026-06-08T19:59:58.415Z] >>> [apiv2][query] GET https://firebaseapphosting.googleapis.com/v1beta/projects/anniv-enzo/locations/europe-west4/operations/operation-1780948798038-653c374786009-f57c52fc-d05438fb [none]
[debug] [2026-06-08T19:59:58.497Z] <<< [apiv2][status] GET https://firebaseapphosting.googleapis.com/v1beta/projects/anniv-enzo/locations/europe-west4/operations/operation-1780948798038-653c374786009-f57c52fc-d05438fb 200
[debug] [2026-06-08T19:59:58.497Z] <<< [apiv2][body] GET https://firebaseapphosting.googleapis.com/v1beta/projects/anniv-enzo/locations/europe-west4/operations/operation-1780948798038-653c374786009-f57c52fc-d05438fb {"name":"projects/anniv-enzo/locations/europe-west4/operations/operation-1780948798038-653c374786009-f57c52fc-d05438fb","metadata":{"@type":"type.googleapis.com/google.firebase.apphosting.v1beta.OperationMetadata","createTime":"2026-06-08T19:59:58.067287935Z","target":"projects/anniv-enzo/locations/europe-west4/backends/anniv-enzo/builds/build-2026-06-08-001","verb":"create","requestedCancellation":false,"apiVersion":"v1beta"},"done":false}
[debug] [2026-06-08T19:59:58.534Z] <<< [apiv2][status] GET https://firebaseapphosting.googleapis.com/v1beta/projects/anniv-enzo/locations/europe-west4/operations/operation-1780948798389-653c3747dbcb2-a02fd9ad-fd50358d 200
[debug] [2026-06-08T19:59:58.534Z] <<< [apiv2][body] GET https://firebaseapphosting.googleapis.com/v1beta/projects/anniv-enzo/locations/europe-west4/operations/operation-1780948798389-653c3747dbcb2-a02fd9ad-fd50358d {"name":"projects/anniv-enzo/locations/europe-west4/operations/operation-1780948798389-653c3747dbcb2-a02fd9ad-fd50358d","metadata":{"@type":"type.googleapis.com/google.firebase.apphosting.v1beta.OperationMetadata","createTime":"2026-06-08T19:59:58.403977686Z","endTime":"2026-06-08T19:59:58.447097539Z","target":"projects/anniv-enzo/locations/europe-west4/backends/anniv-enzo/rollouts/build-2026-06-08-001","verb":"create","requestedCancellation":false,"apiVersion":"v1beta"},"done":true,"response":{"@type":"type.googleapis.com/google.firebase.apphosting.v1beta.Rollout","name":"projects/anniv-enzo/locations/europe-west4/backends/anniv-enzo/rollouts/build-2026-06-08-001","createTime":"2026-06-08T19:59:58.398786690Z","updateTime":"2026-06-08T19:59:58.443685Z","state":"QUEUED","build":"projects/anniv-enzo/locations/europe-west4/backends/anniv-enzo/builds/build-2026-06-08-001","labels":{"deployment-tool":"cli-firebase"},"uid":"fbd4a2f4-e47b-4388-b846-3383a9f2ac2a","etag":"xa3v6uhtvd8s9UdcddA_yvGyMd8F3Ng5G2TpoIA_9gs","reconciling":false}}
[debug] [2026-06-08T19:59:59.002Z] [create-anniv-enzo-europe-west4-backend-anniv-enzo-build-build-2026-06-08-001] Retrying task index 0
[debug] [2026-06-08T19:59:59.003Z] Checked if tokens are valid: true, expires at: 1780951372362
[debug] [2026-06-08T19:59:59.003Z] Checked if tokens are valid: true, expires at: 1780951372362
[debug] [2026-06-08T19:59:59.003Z] >>> [apiv2][query] GET https://firebaseapphosting.googleapis.com/v1beta/projects/anniv-enzo/locations/europe-west4/operations/operation-1780948798038-653c374786009-f57c52fc-d05438fb [none]
[debug] [2026-06-08T19:59:59.101Z] <<< [apiv2][status] GET https://firebaseapphosting.googleapis.com/v1beta/projects/anniv-enzo/locations/europe-west4/operations/operation-1780948798038-653c374786009-f57c52fc-d05438fb 200
[debug] [2026-06-08T19:59:59.101Z] <<< [apiv2][body] GET https://firebaseapphosting.googleapis.com/v1beta/projects/anniv-enzo/locations/europe-west4/operations/operation-1780948798038-653c374786009-f57c52fc-d05438fb {"name":"projects/anniv-enzo/locations/europe-west4/operations/operation-1780948798038-653c374786009-f57c52fc-d05438fb","metadata":{"@type":"type.googleapis.com/google.firebase.apphosting.v1beta.OperationMetadata","createTime":"2026-06-08T19:59:58.067287935Z","target":"projects/anniv-enzo/locations/europe-west4/backends/anniv-enzo/builds/build-2026-06-08-001","verb":"create","requestedCancellation":false,"apiVersion":"v1beta"},"done":false}
[debug] [2026-06-08T20:00:00.102Z] [create-anniv-enzo-europe-west4-backend-anniv-enzo-build-build-2026-06-08-001] Retrying task index 0
[debug] [2026-06-08T20:00:00.102Z] Checked if tokens are valid: true, expires at: 1780951372362
[debug] [2026-06-08T20:00:00.102Z] Checked if tokens are valid: true, expires at: 1780951372362
[debug] [2026-06-08T20:00:00.102Z] >>> [apiv2][query] GET https://firebaseapphosting.googleapis.com/v1beta/projects/anniv-enzo/locations/europe-west4/operations/operation-1780948798038-653c374786009-f57c52fc-d05438fb [none]
[debug] [2026-06-08T20:00:00.190Z] <<< [apiv2][status] GET https://firebaseapphosting.googleapis.com/v1beta/projects/anniv-enzo/locations/europe-west4/operations/operation-1780948798038-653c374786009-f57c52fc-d05438fb 200
[debug] [2026-06-08T20:00:00.190Z] <<< [apiv2][body] GET https://firebaseapphosting.googleapis.com/v1beta/projects/anniv-enzo/locations/europe-west4/operations/operation-1780948798038-653c374786009-f57c52fc-d05438fb {"name":"projects/anniv-enzo/locations/europe-west4/operations/operation-1780948798038-653c374786009-f57c52fc-d05438fb","metadata":{"@type":"type.googleapis.com/google.firebase.apphosting.v1beta.OperationMetadata","createTime":"2026-06-08T19:59:58.067287935Z","target":"projects/anniv-enzo/locations/europe-west4/backends/anniv-enzo/builds/build-2026-06-08-001","verb":"create","requestedCancellation":false,"apiVersion":"v1beta"},"done":false}
[debug] [2026-06-08T20:00:02.191Z] [create-anniv-enzo-europe-west4-backend-anniv-enzo-build-build-2026-06-08-001] Retrying task index 0
[debug] [2026-06-08T20:00:02.191Z] Checked if tokens are valid: true, expires at: 1780951372362
[debug] [2026-06-08T20:00:02.191Z] Checked if tokens are valid: true, expires at: 1780951372362
[debug] [2026-06-08T20:00:02.191Z] >>> [apiv2][query] GET https://firebaseapphosting.googleapis.com/v1beta/projects/anniv-enzo/locations/europe-west4/operations/operation-1780948798038-653c374786009-f57c52fc-d05438fb [none]
[debug] [2026-06-08T20:00:02.282Z] <<< [apiv2][status] GET https://firebaseapphosting.googleapis.com/v1beta/projects/anniv-enzo/locations/europe-west4/operations/operation-1780948798038-653c374786009-f57c52fc-d05438fb 200
[debug] [2026-06-08T20:00:02.282Z] <<< [apiv2][body] GET https://firebaseapphosting.googleapis.com/v1beta/projects/anniv-enzo/locations/europe-west4/operations/operation-1780948798038-653c374786009-f57c52fc-d05438fb {"name":"projects/anniv-enzo/locations/europe-west4/operations/operation-1780948798038-653c374786009-f57c52fc-d05438fb","metadata":{"@type":"type.googleapis.com/google.firebase.apphosting.v1beta.OperationMetadata","createTime":"2026-06-08T19:59:58.067287935Z","target":"projects/anniv-enzo/locations/europe-west4/backends/anniv-enzo/builds/build-2026-06-08-001","verb":"create","requestedCancellation":false,"apiVersion":"v1beta"},"done":false}
[debug] [2026-06-08T20:00:06.284Z] [create-anniv-enzo-europe-west4-backend-anniv-enzo-build-build-2026-06-08-001] Retrying task index 0
[debug] [2026-06-08T20:00:06.284Z] Checked if tokens are valid: true, expires at: 1780951372362
[debug] [2026-06-08T20:00:06.284Z] Checked if tokens are valid: true, expires at: 1780951372362
[debug] [2026-06-08T20:00:06.284Z] >>> [apiv2][query] GET https://firebaseapphosting.googleapis.com/v1beta/projects/anniv-enzo/locations/europe-west4/operations/operation-1780948798038-653c374786009-f57c52fc-d05438fb [none]
[debug] [2026-06-08T20:00:06.409Z] <<< [apiv2][status] GET https://firebaseapphosting.googleapis.com/v1beta/projects/anniv-enzo/locations/europe-west4/operations/operation-1780948798038-653c374786009-f57c52fc-d05438fb 200
[debug] [2026-06-08T20:00:06.410Z] <<< [apiv2][body] GET https://firebaseapphosting.googleapis.com/v1beta/projects/anniv-enzo/locations/europe-west4/operations/operation-1780948798038-653c374786009-f57c52fc-d05438fb {"name":"projects/anniv-enzo/locations/europe-west4/operations/operation-1780948798038-653c374786009-f57c52fc-d05438fb","metadata":{"@type":"type.googleapis.com/google.firebase.apphosting.v1beta.OperationMetadata","createTime":"2026-06-08T19:59:58.067287935Z","target":"projects/anniv-enzo/locations/europe-west4/backends/anniv-enzo/builds/build-2026-06-08-001","verb":"create","requestedCancellation":false,"apiVersion":"v1beta"},"done":false}
[debug] [2026-06-08T20:00:14.410Z] [create-anniv-enzo-europe-west4-backend-anniv-enzo-build-build-2026-06-08-001] Retrying task index 0
[debug] [2026-06-08T20:00:14.410Z] Checked if tokens are valid: true, expires at: 1780951372362
[debug] [2026-06-08T20:00:14.410Z] Checked if tokens are valid: true, expires at: 1780951372362
[debug] [2026-06-08T20:00:14.410Z] >>> [apiv2][query] GET https://firebaseapphosting.googleapis.com/v1beta/projects/anniv-enzo/locations/europe-west4/operations/operation-1780948798038-653c374786009-f57c52fc-d05438fb [none]
[debug] [2026-06-08T20:00:14.567Z] <<< [apiv2][status] GET https://firebaseapphosting.googleapis.com/v1beta/projects/anniv-enzo/locations/europe-west4/operations/operation-1780948798038-653c374786009-f57c52fc-d05438fb 200
[debug] [2026-06-08T20:00:14.567Z] <<< [apiv2][body] GET https://firebaseapphosting.googleapis.com/v1beta/projects/anniv-enzo/locations/europe-west4/operations/operation-1780948798038-653c374786009-f57c52fc-d05438fb {"name":"projects/anniv-enzo/locations/europe-west4/operations/operation-1780948798038-653c374786009-f57c52fc-d05438fb","metadata":{"@type":"type.googleapis.com/google.firebase.apphosting.v1beta.OperationMetadata","createTime":"2026-06-08T19:59:58.067287935Z","target":"projects/anniv-enzo/locations/europe-west4/backends/anniv-enzo/builds/build-2026-06-08-001","verb":"create","requestedCancellation":false,"apiVersion":"v1beta"},"done":false}
[debug] [2026-06-08T20:00:24.567Z] [create-anniv-enzo-europe-west4-backend-anniv-enzo-build-build-2026-06-08-001] Retrying task index 0
[debug] [2026-06-08T20:00:24.568Z] Checked if tokens are valid: true, expires at: 1780951372362
[debug] [2026-06-08T20:00:24.568Z] Checked if tokens are valid: true, expires at: 1780951372362
[debug] [2026-06-08T20:00:24.568Z] >>> [apiv2][query] GET https://firebaseapphosting.googleapis.com/v1beta/projects/anniv-enzo/locations/europe-west4/operations/operation-1780948798038-653c374786009-f57c52fc-d05438fb [none]
[debug] [2026-06-08T20:00:24.832Z] <<< [apiv2][status] GET https://firebaseapphosting.googleapis.com/v1beta/projects/anniv-enzo/locations/europe-west4/operations/operation-1780948798038-653c374786009-f57c52fc-d05438fb 200
[debug] [2026-06-08T20:00:24.832Z] <<< [apiv2][body] GET https://firebaseapphosting.googleapis.com/v1beta/projects/anniv-enzo/locations/europe-west4/operations/operation-1780948798038-653c374786009-f57c52fc-d05438fb {"name":"projects/anniv-enzo/locations/europe-west4/operations/operation-1780948798038-653c374786009-f57c52fc-d05438fb","metadata":{"@type":"type.googleapis.com/google.firebase.apphosting.v1beta.OperationMetadata","createTime":"2026-06-08T19:59:58.067287935Z","target":"projects/anniv-enzo/locations/europe-west4/backends/anniv-enzo/builds/build-2026-06-08-001","verb":"create","requestedCancellation":false,"apiVersion":"v1beta"},"done":false}
[debug] [2026-06-08T20:00:34.833Z] [create-anniv-enzo-europe-west4-backend-anniv-enzo-build-build-2026-06-08-001] Retrying task index 0
[debug] [2026-06-08T20:00:34.834Z] Checked if tokens are valid: true, expires at: 1780951372362
[debug] [2026-06-08T20:00:34.834Z] Checked if tokens are valid: true, expires at: 1780951372362
[debug] [2026-06-08T20:00:34.834Z] >>> [apiv2][query] GET https://firebaseapphosting.googleapis.com/v1beta/projects/anniv-enzo/locations/europe-west4/operations/operation-1780948798038-653c374786009-f57c52fc-d05438fb [none]
[debug] [2026-06-08T20:00:35.003Z] <<< [apiv2][status] GET https://firebaseapphosting.googleapis.com/v1beta/projects/anniv-enzo/locations/europe-west4/operations/operation-1780948798038-653c374786009-f57c52fc-d05438fb 200
[debug] [2026-06-08T20:00:35.003Z] <<< [apiv2][body] GET https://firebaseapphosting.googleapis.com/v1beta/projects/anniv-enzo/locations/europe-west4/operations/operation-1780948798038-653c374786009-f57c52fc-d05438fb {"name":"projects/anniv-enzo/locations/europe-west4/operations/operation-1780948798038-653c374786009-f57c52fc-d05438fb","metadata":{"@type":"type.googleapis.com/google.firebase.apphosting.v1beta.OperationMetadata","createTime":"2026-06-08T19:59:58.067287935Z","target":"projects/anniv-enzo/locations/europe-west4/backends/anniv-enzo/builds/build-2026-06-08-001","verb":"create","requestedCancellation":false,"apiVersion":"v1beta"},"done":false}
[debug] [2026-06-08T20:00:45.004Z] [create-anniv-enzo-europe-west4-backend-anniv-enzo-build-build-2026-06-08-001] Retrying task index 0
[debug] [2026-06-08T20:00:45.005Z] Checked if tokens are valid: true, expires at: 1780951372362
[debug] [2026-06-08T20:00:45.005Z] Checked if tokens are valid: true, expires at: 1780951372362
[debug] [2026-06-08T20:00:45.005Z] >>> [apiv2][query] GET https://firebaseapphosting.googleapis.com/v1beta/projects/anniv-enzo/locations/europe-west4/operations/operation-1780948798038-653c374786009-f57c52fc-d05438fb [none]
[debug] [2026-06-08T20:00:45.158Z] <<< [apiv2][status] GET https://firebaseapphosting.googleapis.com/v1beta/projects/anniv-enzo/locations/europe-west4/operations/operation-1780948798038-653c374786009-f57c52fc-d05438fb 200
[debug] [2026-06-08T20:00:45.158Z] <<< [apiv2][body] GET https://firebaseapphosting.googleapis.com/v1beta/projects/anniv-enzo/locations/europe-west4/operations/operation-1780948798038-653c374786009-f57c52fc-d05438fb {"name":"projects/anniv-enzo/locations/europe-west4/operations/operation-1780948798038-653c374786009-f57c52fc-d05438fb","metadata":{"@type":"type.googleapis.com/google.firebase.apphosting.v1beta.OperationMetadata","createTime":"2026-06-08T19:59:58.067287935Z","target":"projects/anniv-enzo/locations/europe-west4/backends/anniv-enzo/builds/build-2026-06-08-001","verb":"create","requestedCancellation":false,"apiVersion":"v1beta"},"done":false}
[debug] [2026-06-08T20:00:55.158Z] [create-anniv-enzo-europe-west4-backend-anniv-enzo-build-build-2026-06-08-001] Retrying task index 0
[debug] [2026-06-08T20:00:55.159Z] Checked if tokens are valid: true, expires at: 1780951372362
[debug] [2026-06-08T20:00:55.160Z] Checked if tokens are valid: true, expires at: 1780951372362
[debug] [2026-06-08T20:00:55.160Z] >>> [apiv2][query] GET https://firebaseapphosting.googleapis.com/v1beta/projects/anniv-enzo/locations/europe-west4/operations/operation-1780948798038-653c374786009-f57c52fc-d05438fb [none]
[debug] [2026-06-08T20:00:55.279Z] <<< [apiv2][status] GET https://firebaseapphosting.googleapis.com/v1beta/projects/anniv-enzo/locations/europe-west4/operations/operation-1780948798038-653c374786009-f57c52fc-d05438fb 200
[debug] [2026-06-08T20:00:55.279Z] <<< [apiv2][body] GET https://firebaseapphosting.googleapis.com/v1beta/projects/anniv-enzo/locations/europe-west4/operations/operation-1780948798038-653c374786009-f57c52fc-d05438fb {"name":"projects/anniv-enzo/locations/europe-west4/operations/operation-1780948798038-653c374786009-f57c52fc-d05438fb","metadata":{"@type":"type.googleapis.com/google.firebase.apphosting.v1beta.OperationMetadata","createTime":"2026-06-08T19:59:58.067287935Z","target":"projects/anniv-enzo/locations/europe-west4/backends/anniv-enzo/builds/build-2026-06-08-001","verb":"create","requestedCancellation":false,"apiVersion":"v1beta"},"done":false}
