[debug] [2026-06-08T19:57:38.503Z] [Firebase Plugin] Activating Firebase extension.
[debug] [2026-06-08T19:57:42.179Z] [Firebase Plugin] requireAuthWrapper
[debug] [2026-06-08T19:57:42.180Z] > command requires scopes: ["email","openid","https://www.googleapis.com/auth/cloudplatformprojects.readonly","https://www.googleapis.com/auth/firebase","https://www.googleapis.com/auth/cloud-platform"]
[debug] [2026-06-08T19:57:42.180Z] > authorizing via signed-in user (nicolas.borlet7@gmail.com)
[debug] [2026-06-08T19:57:42.181Z] Checked if tokens are valid: true, expires at: 1780951372362
[debug] [2026-06-08T19:57:42.181Z] Checked if tokens are valid: true, expires at: 1780951372362
[debug] [2026-06-08T19:57:42.181Z] [Firebase Plugin] User found:  nicolas.borlet7@gmail.com
[info] [Firebase Plugin] (Core:Project) New user detected, fetching projects
[debug] [2026-06-08T19:57:42.182Z] Checked if tokens are valid: true, expires at: 1780951372362
[debug] [2026-06-08T19:57:42.182Z] >>> [apiv2][query] GET https://firebase.googleapis.com/v1beta1/projects pageSize=1000
[debug] [2026-06-08T19:57:42.187Z] [Firebase Plugin] VSCode notification server listening on port 40001
[info] [Firebase Plugin] Starting SQL Connect toolkit (version 3.4.10) on port 50001
[debug] [2026-06-08T19:57:42.636Z] 'fdc build' failed with error: Unable to build your SQL Connect schema and connectors (exit code 1): E0608 21:57:42.634425   31684 cmd.go:43] Error loading data connect config: could not find dataconnect.yaml in `/Users/nicolasborlet/Code/anniv-enzo/dataconnect`
 {"metadata":{"emulator":{"name":"dataconnect"},"message":"'fdc build' failed with error: Unable to build your SQL Connect schema and connectors (exit code 1): E0608 21:57:42.634425   31684 cmd.go:43] Error loading data connect config: could not find dataconnect.yaml in `/Users/nicolasborlet/Code/anniv-enzo/dataconnect`\n"}}
[debug] [2026-06-08T19:57:42.636Z] Ignoring unsupported arg: auto_download {"metadata":{"emulator":{"name":"dataconnect"},"message":"Ignoring unsupported arg: auto_download"}}
[debug] [2026-06-08T19:57:42.636Z] Ignoring unsupported arg: port {"metadata":{"emulator":{"name":"dataconnect"},"message":"Ignoring unsupported arg: port"}}
[debug] [2026-06-08T19:57:42.636Z] Starting SQL Connect Emulator with command {"binary":"/Users/nicolasborlet/.cache/firebase/emulators/dataconnect-emulator-3.4.10","args":["--logtostderr","-v=2","dev","--listen=localhost:50001","--config_dir=/Users/nicolasborlet/Code/anniv-enzo/dataconnect","--enable_output_schema_extensions=true","--enable_output_generated_sdk=true"],"optionalArgs":["listen","config_dir","enable_output_schema_extensions","enable_output_generated_sdk"],"joinArgs":true,"shell":false,"port":9399} {"metadata":{"emulator":{"name":"dataconnect"},"message":"Starting SQL Connect Emulator with command {\"binary\":\"/Users/nicolasborlet/.cache/firebase/emulators/dataconnect-emulator-3.4.10\",\"args\":[\"--logtostderr\",\"-v=2\",\"dev\",\"--listen=localhost:50001\",\"--config_dir=/Users/nicolasborlet/Code/anniv-enzo/dataconnect\",\"--enable_output_schema_extensions=true\",\"--enable_output_generated_sdk=true\"],\"optionalArgs\":[\"listen\",\"config_dir\",\"enable_output_schema_extensions\",\"enable_output_generated_sdk\"],\"joinArgs\":true,\"shell\":false,\"port\":9399}"}}
[info] i  dataconnect: SQL Connect Emulator logging to dataconnect-debug.log {"metadata":{"emulator":{"name":"dataconnect"},"message":"SQL Connect Emulator logging to dataconnect-debug.log"}}
[debug] [2026-06-08T19:57:42.655Z] E0608 21:57:42.655319   31685 dev.go:83] Failed to load initial config from "/Users/nicolasborlet/Code/anniv-enzo/dataconnect": could not find dataconnect.yaml in `/Users/nicolasborlet/Code/anniv-enzo/dataconnect`
 {"metadata":{"emulator":{"name":"dataconnect"},"message":"E0608 21:57:42.655319   31685 dev.go:83] Failed to load initial config from \"/Users/nicolasborlet/Code/anniv-enzo/dataconnect\": could not find dataconnect.yaml in `/Users/nicolasborlet/Code/anniv-enzo/dataconnect`\n"}}
[debug] [2026-06-08T19:57:42.656Z] E0608 21:57:42.656265   31685 watch.go:116] watchAllDir unable to walk dir `/Users/nicolasborlet/Code/anniv-enzo/dataconnect`: lstat /Users/nicolasborlet/Code/anniv-enzo/dataconnect: no such file or directory
 {"metadata":{"emulator":{"name":"dataconnect"},"message":"E0608 21:57:42.656265   31685 watch.go:116] watchAllDir unable to walk dir `/Users/nicolasborlet/Code/anniv-enzo/dataconnect`: lstat /Users/nicolasborlet/Code/anniv-enzo/dataconnect: no such file or directory\n"}}
[debug] [2026-06-08T19:57:42.657Z] I0608 21:57:42.657681   31685 dev.go:104] Listening on address (HTTP + gRPC): 127.0.0.1:50001
 {"metadata":{"emulator":{"name":"dataconnect"},"message":"I0608 21:57:42.657681   31685 dev.go:104] Listening on address (HTTP + gRPC): 127.0.0.1:50001\n"}}
[error] [Firebase Plugin] error:  {}
[debug] [2026-06-08T19:57:43.136Z] <<< [apiv2][status] GET https://firebase.googleapis.com/v1beta1/projects 200
[debug] [2026-06-08T19:57:43.136Z] <<< [apiv2][body] GET https://firebase.googleapis.com/v1beta1/projects [omitted]
[debug] [2026-06-08T19:57:52.658Z] E0608 21:57:52.657918   31685 watch.go:40] Failed to load config from "/Users/nicolasborlet/Code/anniv-enzo/dataconnect": could not find dataconnect.yaml in `/Users/nicolasborlet/Code/anniv-enzo/dataconnect`
 {"metadata":{"emulator":{"name":"dataconnect"},"message":"E0608 21:57:52.657918   31685 watch.go:40] Failed to load config from \"/Users/nicolasborlet/Code/anniv-enzo/dataconnect\": could not find dataconnect.yaml in `/Users/nicolasborlet/Code/anniv-enzo/dataconnect`\n"}}
[debug] [2026-06-08T19:58:02.657Z] E0608 21:58:02.657405   31685 watch.go:40] Failed to load config from "/Users/nicolasborlet/Code/anniv-enzo/dataconnect": could not find dataconnect.yaml in `/Users/nicolasborlet/Code/anniv-enzo/dataconnect`
 {"metadata":{"emulator":{"name":"dataconnect"},"message":"E0608 21:58:02.657405   31685 watch.go:40] Failed to load config from \"/Users/nicolasborlet/Code/anniv-enzo/dataconnect\": could not find dataconnect.yaml in `/Users/nicolasborlet/Code/anniv-enzo/dataconnect`\n"}}
[debug] [2026-06-08T19:58:12.657Z] E0608 21:58:12.657147   31685 watch.go:40] Failed to load config from "/Users/nicolasborlet/Code/anniv-enzo/dataconnect": could not find dataconnect.yaml in `/Users/nicolasborlet/Code/anniv-enzo/dataconnect`
 {"metadata":{"emulator":{"name":"dataconnect"},"message":"E0608 21:58:12.657147   31685 watch.go:40] Failed to load config from \"/Users/nicolasborlet/Code/anniv-enzo/dataconnect\": could not find dataconnect.yaml in `/Users/nicolasborlet/Code/anniv-enzo/dataconnect`\n"}}
[debug] [2026-06-08T19:58:22.657Z] E0608 21:58:22.657819   31685 watch.go:40] Failed to load config from "/Users/nicolasborlet/Code/anniv-enzo/dataconnect": could not find dataconnect.yaml in `/Users/nicolasborlet/Code/anniv-enzo/dataconnect`
 {"metadata":{"emulator":{"name":"dataconnect"},"message":"E0608 21:58:22.657819   31685 watch.go:40] Failed to load config from \"/Users/nicolasborlet/Code/anniv-enzo/dataconnect\": could not find dataconnect.yaml in `/Users/nicolasborlet/Code/anniv-enzo/dataconnect`\n"}}
[debug] [2026-06-08T19:58:32.657Z] E0608 21:58:32.657825   31685 watch.go:40] Failed to load config from "/Users/nicolasborlet/Code/anniv-enzo/dataconnect": could not find dataconnect.yaml in `/Users/nicolasborlet/Code/anniv-enzo/dataconnect`
 {"metadata":{"emulator":{"name":"dataconnect"},"message":"E0608 21:58:32.657825   31685 watch.go:40] Failed to load config from \"/Users/nicolasborlet/Code/anniv-enzo/dataconnect\": could not find dataconnect.yaml in `/Users/nicolasborlet/Code/anniv-enzo/dataconnect`\n"}}
[debug] [2026-06-08T19:58:42.657Z] E0608 21:58:42.657649   31685 watch.go:40] Failed to load config from "/Users/nicolasborlet/Code/anniv-enzo/dataconnect": could not find dataconnect.yaml in `/Users/nicolasborlet/Code/anniv-enzo/dataconnect`
E0608 21:58:42.657646   31685 watch.go:116] watchAllDir unable to walk dir `/Users/nicolasborlet/Code/anniv-enzo/dataconnect`: lstat /Users/nicolasborlet/Code/anniv-enzo/dataconnect: no such file or directory
 {"metadata":{"emulator":{"name":"dataconnect"},"message":"E0608 21:58:42.657649   31685 watch.go:40] Failed to load config from \"/Users/nicolasborlet/Code/anniv-enzo/dataconnect\": could not find dataconnect.yaml in `/Users/nicolasborlet/Code/anniv-enzo/dataconnect`\nE0608 21:58:42.657646   31685 watch.go:116] watchAllDir unable to walk dir `/Users/nicolasborlet/Code/anniv-enzo/dataconnect`: lstat /Users/nicolasborlet/Code/anniv-enzo/dataconnect: no such file or directory\n"}}
[debug] [2026-06-08T19:58:52.658Z] E0608 21:58:52.657907   31685 watch.go:40] Failed to load config from "/Users/nicolasborlet/Code/anniv-enzo/dataconnect": could not find dataconnect.yaml in `/Users/nicolasborlet/Code/anniv-enzo/dataconnect`
 {"metadata":{"emulator":{"name":"dataconnect"},"message":"E0608 21:58:52.657907   31685 watch.go:40] Failed to load config from \"/Users/nicolasborlet/Code/anniv-enzo/dataconnect\": could not find dataconnect.yaml in `/Users/nicolasborlet/Code/anniv-enzo/dataconnect`\n"}}
[debug] [2026-06-08T19:59:02.658Z] E0608 21:59:02.657947   31685 watch.go:40] Failed to load config from "/Users/nicolasborlet/Code/anniv-enzo/dataconnect": could not find dataconnect.yaml in `/Users/nicolasborlet/Code/anniv-enzo/dataconnect`
 {"metadata":{"emulator":{"name":"dataconnect"},"message":"E0608 21:59:02.657947   31685 watch.go:40] Failed to load config from \"/Users/nicolasborlet/Code/anniv-enzo/dataconnect\": could not find dataconnect.yaml in `/Users/nicolasborlet/Code/anniv-enzo/dataconnect`\n"}}
[debug] [2026-06-08T19:59:12.657Z] E0608 21:59:12.657686   31685 watch.go:40] Failed to load config from "/Users/nicolasborlet/Code/anniv-enzo/dataconnect": could not find dataconnect.yaml in `/Users/nicolasborlet/Code/anniv-enzo/dataconnect`
 {"metadata":{"emulator":{"name":"dataconnect"},"message":"E0608 21:59:12.657686   31685 watch.go:40] Failed to load config from \"/Users/nicolasborlet/Code/anniv-enzo/dataconnect\": could not find dataconnect.yaml in `/Users/nicolasborlet/Code/anniv-enzo/dataconnect`\n"}}
[debug] [2026-06-08T19:59:22.658Z] E0608 21:59:22.657994   31685 watch.go:40] Failed to load config from "/Users/nicolasborlet/Code/anniv-enzo/dataconnect": could not find dataconnect.yaml in `/Users/nicolasborlet/Code/anniv-enzo/dataconnect`
 {"metadata":{"emulator":{"name":"dataconnect"},"message":"E0608 21:59:22.657994   31685 watch.go:40] Failed to load config from \"/Users/nicolasborlet/Code/anniv-enzo/dataconnect\": could not find dataconnect.yaml in `/Users/nicolasborlet/Code/anniv-enzo/dataconnect`\n"}}
[debug] [2026-06-08T19:59:32.658Z] E0608 21:59:32.658101   31685 watch.go:40] Failed to load config from "/Users/nicolasborlet/Code/anniv-enzo/dataconnect": could not find dataconnect.yaml in `/Users/nicolasborlet/Code/anniv-enzo/dataconnect`
 {"metadata":{"emulator":{"name":"dataconnect"},"message":"E0608 21:59:32.658101   31685 watch.go:40] Failed to load config from \"/Users/nicolasborlet/Code/anniv-enzo/dataconnect\": could not find dataconnect.yaml in `/Users/nicolasborlet/Code/anniv-enzo/dataconnect`\n"}}
[debug] [2026-06-08T19:59:42.657Z] E0608 21:59:42.657549   31685 watch.go:40] Failed to load config from "/Users/nicolasborlet/Code/anniv-enzo/dataconnect": could not find dataconnect.yaml in `/Users/nicolasborlet/Code/anniv-enzo/dataconnect`
 {"metadata":{"emulator":{"name":"dataconnect"},"message":"E0608 21:59:42.657549   31685 watch.go:40] Failed to load config from \"/Users/nicolasborlet/Code/anniv-enzo/dataconnect\": could not find dataconnect.yaml in `/Users/nicolasborlet/Code/anniv-enzo/dataconnect`\n"}}
[debug] [2026-06-08T19:59:42.658Z] E0608 21:59:42.657498   31685 watch.go:116] watchAllDir unable to walk dir `/Users/nicolasborlet/Code/anniv-enzo/dataconnect`: lstat /Users/nicolasborlet/Code/anniv-enzo/dataconnect: no such file or directory
 {"metadata":{"emulator":{"name":"dataconnect"},"message":"E0608 21:59:42.657498   31685 watch.go:116] watchAllDir unable to walk dir `/Users/nicolasborlet/Code/anniv-enzo/dataconnect`: lstat /Users/nicolasborlet/Code/anniv-enzo/dataconnect: no such file or directory\n"}}
[debug] [2026-06-08T19:59:52.659Z] E0608 21:59:52.659255   31685 watch.go:40] Failed to load config from "/Users/nicolasborlet/Code/anniv-enzo/dataconnect": could not find dataconnect.yaml in `/Users/nicolasborlet/Code/anniv-enzo/dataconnect`
 {"metadata":{"emulator":{"name":"dataconnect"},"message":"E0608 21:59:52.659255   31685 watch.go:40] Failed to load config from \"/Users/nicolasborlet/Code/anniv-enzo/dataconnect\": could not find dataconnect.yaml in `/Users/nicolasborlet/Code/anniv-enzo/dataconnect`\n"}}
[debug] [2026-06-08T20:00:02.660Z] E0608 22:00:02.658932   31685 watch.go:40] Failed to load config from "/Users/nicolasborlet/Code/anniv-enzo/dataconnect": could not find dataconnect.yaml in `/Users/nicolasborlet/Code/anniv-enzo/dataconnect`
 {"metadata":{"emulator":{"name":"dataconnect"},"message":"E0608 22:00:02.658932   31685 watch.go:40] Failed to load config from \"/Users/nicolasborlet/Code/anniv-enzo/dataconnect\": could not find dataconnect.yaml in `/Users/nicolasborlet/Code/anniv-enzo/dataconnect`\n"}}
[debug] [2026-06-08T20:00:12.658Z] E0608 22:00:12.657841   31685 watch.go:40] Failed to load config from "/Users/nicolasborlet/Code/anniv-enzo/dataconnect": could not find dataconnect.yaml in `/Users/nicolasborlet/Code/anniv-enzo/dataconnect`
 {"metadata":{"emulator":{"name":"dataconnect"},"message":"E0608 22:00:12.657841   31685 watch.go:40] Failed to load config from \"/Users/nicolasborlet/Code/anniv-enzo/dataconnect\": could not find dataconnect.yaml in `/Users/nicolasborlet/Code/anniv-enzo/dataconnect`\n"}}
[debug] [2026-06-08T20:00:22.658Z] E0608 22:00:22.658164   31685 watch.go:40] Failed to load config from "/Users/nicolasborlet/Code/anniv-enzo/dataconnect": could not find dataconnect.yaml in `/Users/nicolasborlet/Code/anniv-enzo/dataconnect`
 {"metadata":{"emulator":{"name":"dataconnect"},"message":"E0608 22:00:22.658164   31685 watch.go:40] Failed to load config from \"/Users/nicolasborlet/Code/anniv-enzo/dataconnect\": could not find dataconnect.yaml in `/Users/nicolasborlet/Code/anniv-enzo/dataconnect`\n"}}
[debug] [2026-06-08T20:00:32.657Z] E0608 22:00:32.657349   31685 watch.go:40] Failed to load config from "/Users/nicolasborlet/Code/anniv-enzo/dataconnect": could not find dataconnect.yaml in `/Users/nicolasborlet/Code/anniv-enzo/dataconnect`
 {"metadata":{"emulator":{"name":"dataconnect"},"message":"E0608 22:00:32.657349   31685 watch.go:40] Failed to load config from \"/Users/nicolasborlet/Code/anniv-enzo/dataconnect\": could not find dataconnect.yaml in `/Users/nicolasborlet/Code/anniv-enzo/dataconnect`\n"}}
[debug] [2026-06-08T20:00:42.658Z] E0608 22:00:42.657948   31685 watch.go:116] watchAllDir unable to walk dir `/Users/nicolasborlet/Code/anniv-enzo/dataconnect`: lstat /Users/nicolasborlet/Code/anniv-enzo/dataconnect: no such file or directory
E0608 22:00:42.658022   31685 watch.go:40] Failed to load config from "/Users/nicolasborlet/Code/anniv-enzo/dataconnect": could not find dataconnect.yaml in `/Users/nicolasborlet/Code/anniv-enzo/dataconnect`
 {"metadata":{"emulator":{"name":"dataconnect"},"message":"E0608 22:00:42.657948   31685 watch.go:116] watchAllDir unable to walk dir `/Users/nicolasborlet/Code/anniv-enzo/dataconnect`: lstat /Users/nicolasborlet/Code/anniv-enzo/dataconnect: no such file or directory\nE0608 22:00:42.658022   31685 watch.go:40] Failed to load config from \"/Users/nicolasborlet/Code/anniv-enzo/dataconnect\": could not find dataconnect.yaml in `/Users/nicolasborlet/Code/anniv-enzo/dataconnect`\n"}}
[debug] [2026-06-08T20:00:52.657Z] E0608 22:00:52.657610   31685 watch.go:40] Failed to load config from "/Users/nicolasborlet/Code/anniv-enzo/dataconnect": could not find dataconnect.yaml in `/Users/nicolasborlet/Code/anniv-enzo/dataconnect`
 {"metadata":{"emulator":{"name":"dataconnect"},"message":"E0608 22:00:52.657610   31685 watch.go:40] Failed to load config from \"/Users/nicolasborlet/Code/anniv-enzo/dataconnect\": could not find dataconnect.yaml in `/Users/nicolasborlet/Code/anniv-enzo/dataconnect`\n"}}
[debug] [2026-06-08T20:01:02.658Z] E0608 22:01:02.658327   31685 watch.go:40] Failed to load config from "/Users/nicolasborlet/Code/anniv-enzo/dataconnect": could not find dataconnect.yaml in `/Users/nicolasborlet/Code/anniv-enzo/dataconnect`
 {"metadata":{"emulator":{"name":"dataconnect"},"message":"E0608 22:01:02.658327   31685 watch.go:40] Failed to load config from \"/Users/nicolasborlet/Code/anniv-enzo/dataconnect\": could not find dataconnect.yaml in `/Users/nicolasborlet/Code/anniv-enzo/dataconnect`\n"}}
[debug] [2026-06-08T20:01:12.658Z] E0608 22:01:12.658334   31685 watch.go:40] Failed to load config from "/Users/nicolasborlet/Code/anniv-enzo/dataconnect": could not find dataconnect.yaml in `/Users/nicolasborlet/Code/anniv-enzo/dataconnect`
 {"metadata":{"emulator":{"name":"dataconnect"},"message":"E0608 22:01:12.658334   31685 watch.go:40] Failed to load config from \"/Users/nicolasborlet/Code/anniv-enzo/dataconnect\": could not find dataconnect.yaml in `/Users/nicolasborlet/Code/anniv-enzo/dataconnect`\n"}}
[debug] [2026-06-08T20:01:22.658Z] E0608 22:01:22.658368   31685 watch.go:40] Failed to load config from "/Users/nicolasborlet/Code/anniv-enzo/dataconnect": could not find dataconnect.yaml in `/Users/nicolasborlet/Code/anniv-enzo/dataconnect`
 {"metadata":{"emulator":{"name":"dataconnect"},"message":"E0608 22:01:22.658368   31685 watch.go:40] Failed to load config from \"/Users/nicolasborlet/Code/anniv-enzo/dataconnect\": could not find dataconnect.yaml in `/Users/nicolasborlet/Code/anniv-enzo/dataconnect`\n"}}
[debug] [2026-06-08T20:01:32.658Z] E0608 22:01:32.657888   31685 watch.go:40] Failed to load config from "/Users/nicolasborlet/Code/anniv-enzo/dataconnect": could not find dataconnect.yaml in `/Users/nicolasborlet/Code/anniv-enzo/dataconnect`
 {"metadata":{"emulator":{"name":"dataconnect"},"message":"E0608 22:01:32.657888   31685 watch.go:40] Failed to load config from \"/Users/nicolasborlet/Code/anniv-enzo/dataconnect\": could not find dataconnect.yaml in `/Users/nicolasborlet/Code/anniv-enzo/dataconnect`\n"}}
[debug] [2026-06-08T20:01:42.661Z] E0608 22:01:42.660803   31685 watch.go:40] Failed to load config from "/Users/nicolasborlet/Code/anniv-enzo/dataconnect": could not find dataconnect.yaml in `/Users/nicolasborlet/Code/anniv-enzo/dataconnect`
E0608 22:01:42.660733   31685 watch.go:116] watchAllDir unable to walk dir `/Users/nicolasborlet/Code/anniv-enzo/dataconnect`: lstat /Users/nicolasborlet/Code/anniv-enzo/dataconnect: no such file or directory
 {"metadata":{"emulator":{"name":"dataconnect"},"message":"E0608 22:01:42.660803   31685 watch.go:40] Failed to load config from \"/Users/nicolasborlet/Code/anniv-enzo/dataconnect\": could not find dataconnect.yaml in `/Users/nicolasborlet/Code/anniv-enzo/dataconnect`\nE0608 22:01:42.660733   31685 watch.go:116] watchAllDir unable to walk dir `/Users/nicolasborlet/Code/anniv-enzo/dataconnect`: lstat /Users/nicolasborlet/Code/anniv-enzo/dataconnect: no such file or directory\n"}}
[debug] [2026-06-08T20:01:52.658Z] E0608 22:01:52.658453   31685 watch.go:40] Failed to load config from "/Users/nicolasborlet/Code/anniv-enzo/dataconnect": could not find dataconnect.yaml in `/Users/nicolasborlet/Code/anniv-enzo/dataconnect`
 {"metadata":{"emulator":{"name":"dataconnect"},"message":"E0608 22:01:52.658453   31685 watch.go:40] Failed to load config from \"/Users/nicolasborlet/Code/anniv-enzo/dataconnect\": could not find dataconnect.yaml in `/Users/nicolasborlet/Code/anniv-enzo/dataconnect`\n"}}
[debug] [2026-06-08T20:02:02.660Z] E0608 22:02:02.659399   31685 watch.go:40] Failed to load config from "/Users/nicolasborlet/Code/anniv-enzo/dataconnect": could not find dataconnect.yaml in `/Users/nicolasborlet/Code/anniv-enzo/dataconnect`
 {"metadata":{"emulator":{"name":"dataconnect"},"message":"E0608 22:02:02.659399   31685 watch.go:40] Failed to load config from \"/Users/nicolasborlet/Code/anniv-enzo/dataconnect\": could not find dataconnect.yaml in `/Users/nicolasborlet/Code/anniv-enzo/dataconnect`\n"}}
[debug] [2026-06-08T20:02:12.658Z] E0608 22:02:12.658283   31685 watch.go:40] Failed to load config from "/Users/nicolasborlet/Code/anniv-enzo/dataconnect": could not find dataconnect.yaml in `/Users/nicolasborlet/Code/anniv-enzo/dataconnect`
 {"metadata":{"emulator":{"name":"dataconnect"},"message":"E0608 22:02:12.658283   31685 watch.go:40] Failed to load config from \"/Users/nicolasborlet/Code/anniv-enzo/dataconnect\": could not find dataconnect.yaml in `/Users/nicolasborlet/Code/anniv-enzo/dataconnect`\n"}}
[debug] [2026-06-08T20:02:22.658Z] E0608 22:02:22.658417   31685 watch.go:40] Failed to load config from "/Users/nicolasborlet/Code/anniv-enzo/dataconnect": could not find dataconnect.yaml in `/Users/nicolasborlet/Code/anniv-enzo/dataconnect`
 {"metadata":{"emulator":{"name":"dataconnect"},"message":"E0608 22:02:22.658417   31685 watch.go:40] Failed to load config from \"/Users/nicolasborlet/Code/anniv-enzo/dataconnect\": could not find dataconnect.yaml in `/Users/nicolasborlet/Code/anniv-enzo/dataconnect`\n"}}
[debug] [2026-06-08T20:02:32.658Z] E0608 22:02:32.658546   31685 watch.go:40] Failed to load config from "/Users/nicolasborlet/Code/anniv-enzo/dataconnect": could not find dataconnect.yaml in `/Users/nicolasborlet/Code/anniv-enzo/dataconnect`
 {"metadata":{"emulator":{"name":"dataconnect"},"message":"E0608 22:02:32.658546   31685 watch.go:40] Failed to load config from \"/Users/nicolasborlet/Code/anniv-enzo/dataconnect\": could not find dataconnect.yaml in `/Users/nicolasborlet/Code/anniv-enzo/dataconnect`\n"}}
[debug] [2026-06-08T20:02:42.657Z] E0608 22:02:42.657756   31685 watch.go:40] Failed to load config from "/Users/nicolasborlet/Code/anniv-enzo/dataconnect": could not find dataconnect.yaml in `/Users/nicolasborlet/Code/anniv-enzo/dataconnect`
E0608 22:02:42.657703   31685 watch.go:116] watchAllDir unable to walk dir `/Users/nicolasborlet/Code/anniv-enzo/dataconnect`: lstat /Users/nicolasborlet/Code/anniv-enzo/dataconnect: no such file or directory
 {"metadata":{"emulator":{"name":"dataconnect"},"message":"E0608 22:02:42.657756   31685 watch.go:40] Failed to load config from \"/Users/nicolasborlet/Code/anniv-enzo/dataconnect\": could not find dataconnect.yaml in `/Users/nicolasborlet/Code/anniv-enzo/dataconnect`\nE0608 22:02:42.657703   31685 watch.go:116] watchAllDir unable to walk dir `/Users/nicolasborlet/Code/anniv-enzo/dataconnect`: lstat /Users/nicolasborlet/Code/anniv-enzo/dataconnect: no such file or directory\n"}}
[debug] [2026-06-08T20:02:52.659Z] E0608 22:02:52.658869   31685 watch.go:40] Failed to load config from "/Users/nicolasborlet/Code/anniv-enzo/dataconnect": could not find dataconnect.yaml in `/Users/nicolasborlet/Code/anniv-enzo/dataconnect`
 {"metadata":{"emulator":{"name":"dataconnect"},"message":"E0608 22:02:52.658869   31685 watch.go:40] Failed to load config from \"/Users/nicolasborlet/Code/anniv-enzo/dataconnect\": could not find dataconnect.yaml in `/Users/nicolasborlet/Code/anniv-enzo/dataconnect`\n"}}
[debug] [2026-06-08T20:03:02.658Z] E0608 22:03:02.658587   31685 watch.go:40] Failed to load config from "/Users/nicolasborlet/Code/anniv-enzo/dataconnect": could not find dataconnect.yaml in `/Users/nicolasborlet/Code/anniv-enzo/dataconnect`
 {"metadata":{"emulator":{"name":"dataconnect"},"message":"E0608 22:03:02.658587   31685 watch.go:40] Failed to load config from \"/Users/nicolasborlet/Code/anniv-enzo/dataconnect\": could not find dataconnect.yaml in `/Users/nicolasborlet/Code/anniv-enzo/dataconnect`\n"}}
[debug] [2026-06-08T20:03:12.658Z] E0608 22:03:12.658308   31685 watch.go:40] Failed to load config from "/Users/nicolasborlet/Code/anniv-enzo/dataconnect": could not find dataconnect.yaml in `/Users/nicolasborlet/Code/anniv-enzo/dataconnect`
 {"metadata":{"emulator":{"name":"dataconnect"},"message":"E0608 22:03:12.658308   31685 watch.go:40] Failed to load config from \"/Users/nicolasborlet/Code/anniv-enzo/dataconnect\": could not find dataconnect.yaml in `/Users/nicolasborlet/Code/anniv-enzo/dataconnect`\n"}}
[debug] [2026-06-08T20:03:22.658Z] E0608 22:03:22.658615   31685 watch.go:40] Failed to load config from "/Users/nicolasborlet/Code/anniv-enzo/dataconnect": could not find dataconnect.yaml in `/Users/nicolasborlet/Code/anniv-enzo/dataconnect`
 {"metadata":{"emulator":{"name":"dataconnect"},"message":"E0608 22:03:22.658615   31685 watch.go:40] Failed to load config from \"/Users/nicolasborlet/Code/anniv-enzo/dataconnect\": could not find dataconnect.yaml in `/Users/nicolasborlet/Code/anniv-enzo/dataconnect`\n"}}
[debug] [2026-06-08T20:03:32.658Z] E0608 22:03:32.658237   31685 watch.go:40] Failed to load config from "/Users/nicolasborlet/Code/anniv-enzo/dataconnect": could not find dataconnect.yaml in `/Users/nicolasborlet/Code/anniv-enzo/dataconnect`
 {"metadata":{"emulator":{"name":"dataconnect"},"message":"E0608 22:03:32.658237   31685 watch.go:40] Failed to load config from \"/Users/nicolasborlet/Code/anniv-enzo/dataconnect\": could not find dataconnect.yaml in `/Users/nicolasborlet/Code/anniv-enzo/dataconnect`\n"}}
[debug] [2026-06-08T20:03:42.658Z] E0608 22:03:42.658489   31685 watch.go:40] Failed to load config from "/Users/nicolasborlet/Code/anniv-enzo/dataconnect": could not find dataconnect.yaml in `/Users/nicolasborlet/Code/anniv-enzo/dataconnect`
 {"metadata":{"emulator":{"name":"dataconnect"},"message":"E0608 22:03:42.658489   31685 watch.go:40] Failed to load config from \"/Users/nicolasborlet/Code/anniv-enzo/dataconnect\": could not find dataconnect.yaml in `/Users/nicolasborlet/Code/anniv-enzo/dataconnect`\n"}}
[debug] [2026-06-08T20:03:42.659Z] E0608 22:03:42.658537   31685 watch.go:116] watchAllDir unable to walk dir `/Users/nicolasborlet/Code/anniv-enzo/dataconnect`: lstat /Users/nicolasborlet/Code/anniv-enzo/dataconnect: no such file or directory
 {"metadata":{"emulator":{"name":"dataconnect"},"message":"E0608 22:03:42.658537   31685 watch.go:116] watchAllDir unable to walk dir `/Users/nicolasborlet/Code/anniv-enzo/dataconnect`: lstat /Users/nicolasborlet/Code/anniv-enzo/dataconnect: no such file or directory\n"}}
[debug] [2026-06-08T20:03:52.658Z] E0608 22:03:52.658744   31685 watch.go:40] Failed to load config from "/Users/nicolasborlet/Code/anniv-enzo/dataconnect": could not find dataconnect.yaml in `/Users/nicolasborlet/Code/anniv-enzo/dataconnect`
 {"metadata":{"emulator":{"name":"dataconnect"},"message":"E0608 22:03:52.658744   31685 watch.go:40] Failed to load config from \"/Users/nicolasborlet/Code/anniv-enzo/dataconnect\": could not find dataconnect.yaml in `/Users/nicolasborlet/Code/anniv-enzo/dataconnect`\n"}}
[debug] [2026-06-08T20:04:02.658Z] E0608 22:04:02.658630   31685 watch.go:40] Failed to load config from "/Users/nicolasborlet/Code/anniv-enzo/dataconnect": could not find dataconnect.yaml in `/Users/nicolasborlet/Code/anniv-enzo/dataconnect`
 {"metadata":{"emulator":{"name":"dataconnect"},"message":"E0608 22:04:02.658630   31685 watch.go:40] Failed to load config from \"/Users/nicolasborlet/Code/anniv-enzo/dataconnect\": could not find dataconnect.yaml in `/Users/nicolasborlet/Code/anniv-enzo/dataconnect`\n"}}
[debug] [2026-06-08T20:04:12.658Z] E0608 22:04:12.658432   31685 watch.go:40] Failed to load config from "/Users/nicolasborlet/Code/anniv-enzo/dataconnect": could not find dataconnect.yaml in `/Users/nicolasborlet/Code/anniv-enzo/dataconnect`
 {"metadata":{"emulator":{"name":"dataconnect"},"message":"E0608 22:04:12.658432   31685 watch.go:40] Failed to load config from \"/Users/nicolasborlet/Code/anniv-enzo/dataconnect\": could not find dataconnect.yaml in `/Users/nicolasborlet/Code/anniv-enzo/dataconnect`\n"}}
[debug] [2026-06-08T20:04:22.658Z] E0608 22:04:22.658558   31685 watch.go:40] Failed to load config from "/Users/nicolasborlet/Code/anniv-enzo/dataconnect": could not find dataconnect.yaml in `/Users/nicolasborlet/Code/anniv-enzo/dataconnect`
 {"metadata":{"emulator":{"name":"dataconnect"},"message":"E0608 22:04:22.658558   31685 watch.go:40] Failed to load config from \"/Users/nicolasborlet/Code/anniv-enzo/dataconnect\": could not find dataconnect.yaml in `/Users/nicolasborlet/Code/anniv-enzo/dataconnect`\n"}}
[debug] [2026-06-08T20:04:32.658Z] E0608 22:04:32.658716   31685 watch.go:40] Failed to load config from "/Users/nicolasborlet/Code/anniv-enzo/dataconnect": could not find dataconnect.yaml in `/Users/nicolasborlet/Code/anniv-enzo/dataconnect`
 {"metadata":{"emulator":{"name":"dataconnect"},"message":"E0608 22:04:32.658716   31685 watch.go:40] Failed to load config from \"/Users/nicolasborlet/Code/anniv-enzo/dataconnect\": could not find dataconnect.yaml in `/Users/nicolasborlet/Code/anniv-enzo/dataconnect`\n"}}
[debug] [2026-06-08T20:04:42.658Z] E0608 22:04:42.658447   31685 watch.go:116] watchAllDir unable to walk dir `/Users/nicolasborlet/Code/anniv-enzo/dataconnect`: lstat /Users/nicolasborlet/Code/anniv-enzo/dataconnect: no such file or directory
E0608 22:04:42.658516   31685 watch.go:40] Failed to load config from "/Users/nicolasborlet/Code/anniv-enzo/dataconnect": could not find dataconnect.yaml in `/Users/nicolasborlet/Code/anniv-enzo/dataconnect`
 {"metadata":{"emulator":{"name":"dataconnect"},"message":"E0608 22:04:42.658447   31685 watch.go:116] watchAllDir unable to walk dir `/Users/nicolasborlet/Code/anniv-enzo/dataconnect`: lstat /Users/nicolasborlet/Code/anniv-enzo/dataconnect: no such file or directory\nE0608 22:04:42.658516   31685 watch.go:40] Failed to load config from \"/Users/nicolasborlet/Code/anniv-enzo/dataconnect\": could not find dataconnect.yaml in `/Users/nicolasborlet/Code/anniv-enzo/dataconnect`\n"}}
[debug] [2026-06-08T20:04:52.658Z] E0608 22:04:52.658548   31685 watch.go:40] Failed to load config from "/Users/nicolasborlet/Code/anniv-enzo/dataconnect": could not find dataconnect.yaml in `/Users/nicolasborlet/Code/anniv-enzo/dataconnect`
 {"metadata":{"emulator":{"name":"dataconnect"},"message":"E0608 22:04:52.658548   31685 watch.go:40] Failed to load config from \"/Users/nicolasborlet/Code/anniv-enzo/dataconnect\": could not find dataconnect.yaml in `/Users/nicolasborlet/Code/anniv-enzo/dataconnect`\n"}}
[debug] [2026-06-08T20:05:02.659Z] E0608 22:05:02.658434   31685 watch.go:40] Failed to load config from "/Users/nicolasborlet/Code/anniv-enzo/dataconnect": could not find dataconnect.yaml in `/Users/nicolasborlet/Code/anniv-enzo/dataconnect`
 {"metadata":{"emulator":{"name":"dataconnect"},"message":"E0608 22:05:02.658434   31685 watch.go:40] Failed to load config from \"/Users/nicolasborlet/Code/anniv-enzo/dataconnect\": could not find dataconnect.yaml in `/Users/nicolasborlet/Code/anniv-enzo/dataconnect`\n"}}
[debug] [2026-06-08T20:05:12.656Z] E0608 22:05:12.656565   31685 watch.go:40] Failed to load config from "/Users/nicolasborlet/Code/anniv-enzo/dataconnect": could not find dataconnect.yaml in `/Users/nicolasborlet/Code/anniv-enzo/dataconnect`
 {"metadata":{"emulator":{"name":"dataconnect"},"message":"E0608 22:05:12.656565   31685 watch.go:40] Failed to load config from \"/Users/nicolasborlet/Code/anniv-enzo/dataconnect\": could not find dataconnect.yaml in `/Users/nicolasborlet/Code/anniv-enzo/dataconnect`\n"}}
[debug] [2026-06-08T20:05:22.656Z] E0608 22:05:22.656315   31685 watch.go:40] Failed to load config from "/Users/nicolasborlet/Code/anniv-enzo/dataconnect": could not find dataconnect.yaml in `/Users/nicolasborlet/Code/anniv-enzo/dataconnect`
 {"metadata":{"emulator":{"name":"dataconnect"},"message":"E0608 22:05:22.656315   31685 watch.go:40] Failed to load config from \"/Users/nicolasborlet/Code/anniv-enzo/dataconnect\": could not find dataconnect.yaml in `/Users/nicolasborlet/Code/anniv-enzo/dataconnect`\n"}}
[debug] [2026-06-08T20:05:32.656Z] E0608 22:05:32.656080   31685 watch.go:40] Failed to load config from "/Users/nicolasborlet/Code/anniv-enzo/dataconnect": could not find dataconnect.yaml in `/Users/nicolasborlet/Code/anniv-enzo/dataconnect`
 {"metadata":{"emulator":{"name":"dataconnect"},"message":"E0608 22:05:32.656080   31685 watch.go:40] Failed to load config from \"/Users/nicolasborlet/Code/anniv-enzo/dataconnect\": could not find dataconnect.yaml in `/Users/nicolasborlet/Code/anniv-enzo/dataconnect`\n"}}
[debug] [2026-06-08T20:05:42.655Z] E0608 22:05:42.655392   31685 watch.go:40] Failed to load config from "/Users/nicolasborlet/Code/anniv-enzo/dataconnect": could not find dataconnect.yaml in `/Users/nicolasborlet/Code/anniv-enzo/dataconnect`
 {"metadata":{"emulator":{"name":"dataconnect"},"message":"E0608 22:05:42.655392   31685 watch.go:40] Failed to load config from \"/Users/nicolasborlet/Code/anniv-enzo/dataconnect\": could not find dataconnect.yaml in `/Users/nicolasborlet/Code/anniv-enzo/dataconnect`\n"}}
[debug] [2026-06-08T20:05:42.656Z] E0608 22:05:42.655406   31685 watch.go:116] watchAllDir unable to walk dir `/Users/nicolasborlet/Code/anniv-enzo/dataconnect`: lstat /Users/nicolasborlet/Code/anniv-enzo/dataconnect: no such file or directory
 {"metadata":{"emulator":{"name":"dataconnect"},"message":"E0608 22:05:42.655406   31685 watch.go:116] watchAllDir unable to walk dir `/Users/nicolasborlet/Code/anniv-enzo/dataconnect`: lstat /Users/nicolasborlet/Code/anniv-enzo/dataconnect: no such file or directory\n"}}
[debug] [2026-06-08T20:05:52.655Z] E0608 22:05:52.655762   31685 watch.go:40] Failed to load config from "/Users/nicolasborlet/Code/anniv-enzo/dataconnect": could not find dataconnect.yaml in `/Users/nicolasborlet/Code/anniv-enzo/dataconnect`
 {"metadata":{"emulator":{"name":"dataconnect"},"message":"E0608 22:05:52.655762   31685 watch.go:40] Failed to load config from \"/Users/nicolasborlet/Code/anniv-enzo/dataconnect\": could not find dataconnect.yaml in `/Users/nicolasborlet/Code/anniv-enzo/dataconnect`\n"}}
[debug] [2026-06-08T20:06:02.742Z] E0608 22:06:02.741522   31685 watch.go:40] Failed to load config from "/Users/nicolasborlet/Code/anniv-enzo/dataconnect": could not find dataconnect.yaml in `/Users/nicolasborlet/Code/anniv-enzo/dataconnect`
 {"metadata":{"emulator":{"name":"dataconnect"},"message":"E0608 22:06:02.741522   31685 watch.go:40] Failed to load config from \"/Users/nicolasborlet/Code/anniv-enzo/dataconnect\": could not find dataconnect.yaml in `/Users/nicolasborlet/Code/anniv-enzo/dataconnect`\n"}}
[debug] [2026-06-08T20:06:12.744Z] E0608 22:06:12.743832   31685 watch.go:40] Failed to load config from "/Users/nicolasborlet/Code/anniv-enzo/dataconnect": could not find dataconnect.yaml in `/Users/nicolasborlet/Code/anniv-enzo/dataconnect`
 {"metadata":{"emulator":{"name":"dataconnect"},"message":"E0608 22:06:12.743832   31685 watch.go:40] Failed to load config from \"/Users/nicolasborlet/Code/anniv-enzo/dataconnect\": could not find dataconnect.yaml in `/Users/nicolasborlet/Code/anniv-enzo/dataconnect`\n"}}
[debug] [2026-06-08T20:06:22.743Z] E0608 22:06:22.743208   31685 watch.go:40] Failed to load config from "/Users/nicolasborlet/Code/anniv-enzo/dataconnect": could not find dataconnect.yaml in `/Users/nicolasborlet/Code/anniv-enzo/dataconnect`
 {"metadata":{"emulator":{"name":"dataconnect"},"message":"E0608 22:06:22.743208   31685 watch.go:40] Failed to load config from \"/Users/nicolasborlet/Code/anniv-enzo/dataconnect\": could not find dataconnect.yaml in `/Users/nicolasborlet/Code/anniv-enzo/dataconnect`\n"}}
[debug] [2026-06-08T20:06:32.741Z] E0608 22:06:32.741095   31685 watch.go:40] Failed to load config from "/Users/nicolasborlet/Code/anniv-enzo/dataconnect": could not find dataconnect.yaml in `/Users/nicolasborlet/Code/anniv-enzo/dataconnect`
 {"metadata":{"emulator":{"name":"dataconnect"},"message":"E0608 22:06:32.741095   31685 watch.go:40] Failed to load config from \"/Users/nicolasborlet/Code/anniv-enzo/dataconnect\": could not find dataconnect.yaml in `/Users/nicolasborlet/Code/anniv-enzo/dataconnect`\n"}}
[debug] [2026-06-08T20:06:42.740Z] E0608 22:06:42.740302   31685 watch.go:116] watchAllDir unable to walk dir `/Users/nicolasborlet/Code/anniv-enzo/dataconnect`: lstat /Users/nicolasborlet/Code/anniv-enzo/dataconnect: no such file or directory
 {"metadata":{"emulator":{"name":"dataconnect"},"message":"E0608 22:06:42.740302   31685 watch.go:116] watchAllDir unable to walk dir `/Users/nicolasborlet/Code/anniv-enzo/dataconnect`: lstat /Users/nicolasborlet/Code/anniv-enzo/dataconnect: no such file or directory\n"}}
[debug] [2026-06-08T20:06:42.741Z] E0608 22:06:42.740522   31685 watch.go:40] Failed to load config from "/Users/nicolasborlet/Code/anniv-enzo/dataconnect": could not find dataconnect.yaml in `/Users/nicolasborlet/Code/anniv-enzo/dataconnect`
 {"metadata":{"emulator":{"name":"dataconnect"},"message":"E0608 22:06:42.740522   31685 watch.go:40] Failed to load config from \"/Users/nicolasborlet/Code/anniv-enzo/dataconnect\": could not find dataconnect.yaml in `/Users/nicolasborlet/Code/anniv-enzo/dataconnect`\n"}}
[debug] [2026-06-08T20:06:52.744Z] E0608 22:06:52.743968   31685 watch.go:40] Failed to load config from "/Users/nicolasborlet/Code/anniv-enzo/dataconnect": could not find dataconnect.yaml in `/Users/nicolasborlet/Code/anniv-enzo/dataconnect`
 {"metadata":{"emulator":{"name":"dataconnect"},"message":"E0608 22:06:52.743968   31685 watch.go:40] Failed to load config from \"/Users/nicolasborlet/Code/anniv-enzo/dataconnect\": could not find dataconnect.yaml in `/Users/nicolasborlet/Code/anniv-enzo/dataconnect`\n"}}
[debug] [2026-06-08T20:07:02.741Z] E0608 22:07:02.741079   31685 watch.go:40] Failed to load config from "/Users/nicolasborlet/Code/anniv-enzo/dataconnect": could not find dataconnect.yaml in `/Users/nicolasborlet/Code/anniv-enzo/dataconnect`
 {"metadata":{"emulator":{"name":"dataconnect"},"message":"E0608 22:07:02.741079   31685 watch.go:40] Failed to load config from \"/Users/nicolasborlet/Code/anniv-enzo/dataconnect\": could not find dataconnect.yaml in `/Users/nicolasborlet/Code/anniv-enzo/dataconnect`\n"}}
[debug] [2026-06-08T20:07:12.740Z] E0608 22:07:12.740621   31685 watch.go:40] Failed to load config from "/Users/nicolasborlet/Code/anniv-enzo/dataconnect": could not find dataconnect.yaml in `/Users/nicolasborlet/Code/anniv-enzo/dataconnect`
 {"metadata":{"emulator":{"name":"dataconnect"},"message":"E0608 22:07:12.740621   31685 watch.go:40] Failed to load config from \"/Users/nicolasborlet/Code/anniv-enzo/dataconnect\": could not find dataconnect.yaml in `/Users/nicolasborlet/Code/anniv-enzo/dataconnect`\n"}}
[debug] [2026-06-08T20:07:22.740Z] E0608 22:07:22.740346   31685 watch.go:40] Failed to load config from "/Users/nicolasborlet/Code/anniv-enzo/dataconnect": could not find dataconnect.yaml in `/Users/nicolasborlet/Code/anniv-enzo/dataconnect`
 {"metadata":{"emulator":{"name":"dataconnect"},"message":"E0608 22:07:22.740346   31685 watch.go:40] Failed to load config from \"/Users/nicolasborlet/Code/anniv-enzo/dataconnect\": could not find dataconnect.yaml in `/Users/nicolasborlet/Code/anniv-enzo/dataconnect`\n"}}
[debug] [2026-06-08T20:07:32.741Z] E0608 22:07:32.740981   31685 watch.go:40] Failed to load config from "/Users/nicolasborlet/Code/anniv-enzo/dataconnect": could not find dataconnect.yaml in `/Users/nicolasborlet/Code/anniv-enzo/dataconnect`
 {"metadata":{"emulator":{"name":"dataconnect"},"message":"E0608 22:07:32.740981   31685 watch.go:40] Failed to load config from \"/Users/nicolasborlet/Code/anniv-enzo/dataconnect\": could not find dataconnect.yaml in `/Users/nicolasborlet/Code/anniv-enzo/dataconnect`\n"}}
[debug] [2026-06-08T20:07:42.741Z] E0608 22:07:42.740978   31685 watch.go:40] Failed to load config from "/Users/nicolasborlet/Code/anniv-enzo/dataconnect": could not find dataconnect.yaml in `/Users/nicolasborlet/Code/anniv-enzo/dataconnect`
E0608 22:07:42.740956   31685 watch.go:116] watchAllDir unable to walk dir `/Users/nicolasborlet/Code/anniv-enzo/dataconnect`: lstat /Users/nicolasborlet/Code/anniv-enzo/dataconnect: no such file or directory
 {"metadata":{"emulator":{"name":"dataconnect"},"message":"E0608 22:07:42.740978   31685 watch.go:40] Failed to load config from \"/Users/nicolasborlet/Code/anniv-enzo/dataconnect\": could not find dataconnect.yaml in `/Users/nicolasborlet/Code/anniv-enzo/dataconnect`\nE0608 22:07:42.740956   31685 watch.go:116] watchAllDir unable to walk dir `/Users/nicolasborlet/Code/anniv-enzo/dataconnect`: lstat /Users/nicolasborlet/Code/anniv-enzo/dataconnect: no such file or directory\n"}}
[debug] [2026-06-08T20:07:52.741Z] E0608 22:07:52.741291   31685 watch.go:40] Failed to load config from "/Users/nicolasborlet/Code/anniv-enzo/dataconnect": could not find dataconnect.yaml in `/Users/nicolasborlet/Code/anniv-enzo/dataconnect`
 {"metadata":{"emulator":{"name":"dataconnect"},"message":"E0608 22:07:52.741291   31685 watch.go:40] Failed to load config from \"/Users/nicolasborlet/Code/anniv-enzo/dataconnect\": could not find dataconnect.yaml in `/Users/nicolasborlet/Code/anniv-enzo/dataconnect`\n"}}
[debug] [2026-06-08T20:08:02.741Z] E0608 22:08:02.741433   31685 watch.go:40] Failed to load config from "/Users/nicolasborlet/Code/anniv-enzo/dataconnect": could not find dataconnect.yaml in `/Users/nicolasborlet/Code/anniv-enzo/dataconnect`
 {"metadata":{"emulator":{"name":"dataconnect"},"message":"E0608 22:08:02.741433   31685 watch.go:40] Failed to load config from \"/Users/nicolasborlet/Code/anniv-enzo/dataconnect\": could not find dataconnect.yaml in `/Users/nicolasborlet/Code/anniv-enzo/dataconnect`\n"}}
[debug] [2026-06-08T20:08:12.741Z] E0608 22:08:12.740962   31685 watch.go:40] Failed to load config from "/Users/nicolasborlet/Code/anniv-enzo/dataconnect": could not find dataconnect.yaml in `/Users/nicolasborlet/Code/anniv-enzo/dataconnect`
 {"metadata":{"emulator":{"name":"dataconnect"},"message":"E0608 22:08:12.740962   31685 watch.go:40] Failed to load config from \"/Users/nicolasborlet/Code/anniv-enzo/dataconnect\": could not find dataconnect.yaml in `/Users/nicolasborlet/Code/anniv-enzo/dataconnect`\n"}}
[debug] [2026-06-08T20:08:22.741Z] E0608 22:08:22.741610   31685 watch.go:40] Failed to load config from "/Users/nicolasborlet/Code/anniv-enzo/dataconnect": could not find dataconnect.yaml in `/Users/nicolasborlet/Code/anniv-enzo/dataconnect`
 {"metadata":{"emulator":{"name":"dataconnect"},"message":"E0608 22:08:22.741610   31685 watch.go:40] Failed to load config from \"/Users/nicolasborlet/Code/anniv-enzo/dataconnect\": could not find dataconnect.yaml in `/Users/nicolasborlet/Code/anniv-enzo/dataconnect`\n"}}
[debug] [2026-06-08T20:08:32.741Z] E0608 22:08:32.741182   31685 watch.go:40] Failed to load config from "/Users/nicolasborlet/Code/anniv-enzo/dataconnect": could not find dataconnect.yaml in `/Users/nicolasborlet/Code/anniv-enzo/dataconnect`
 {"metadata":{"emulator":{"name":"dataconnect"},"message":"E0608 22:08:32.741182   31685 watch.go:40] Failed to load config from \"/Users/nicolasborlet/Code/anniv-enzo/dataconnect\": could not find dataconnect.yaml in `/Users/nicolasborlet/Code/anniv-enzo/dataconnect`\n"}}
[debug] [2026-06-08T20:08:42.743Z] E0608 22:08:42.743259   31685 watch.go:116] watchAllDir unable to walk dir `/Users/nicolasborlet/Code/anniv-enzo/dataconnect`: lstat /Users/nicolasborlet/Code/anniv-enzo/dataconnect: no such file or directory
E0608 22:08:42.743344   31685 watch.go:40] Failed to load config from "/Users/nicolasborlet/Code/anniv-enzo/dataconnect": could not find dataconnect.yaml in `/Users/nicolasborlet/Code/anniv-enzo/dataconnect`
 {"metadata":{"emulator":{"name":"dataconnect"},"message":"E0608 22:08:42.743259   31685 watch.go:116] watchAllDir unable to walk dir `/Users/nicolasborlet/Code/anniv-enzo/dataconnect`: lstat /Users/nicolasborlet/Code/anniv-enzo/dataconnect: no such file or directory\nE0608 22:08:42.743344   31685 watch.go:40] Failed to load config from \"/Users/nicolasborlet/Code/anniv-enzo/dataconnect\": could not find dataconnect.yaml in `/Users/nicolasborlet/Code/anniv-enzo/dataconnect`\n"}}
[debug] [2026-06-08T20:08:52.741Z] E0608 22:08:52.740909   31685 watch.go:40] Failed to load config from "/Users/nicolasborlet/Code/anniv-enzo/dataconnect": could not find dataconnect.yaml in `/Users/nicolasborlet/Code/anniv-enzo/dataconnect`
 {"metadata":{"emulator":{"name":"dataconnect"},"message":"E0608 22:08:52.740909   31685 watch.go:40] Failed to load config from \"/Users/nicolasborlet/Code/anniv-enzo/dataconnect\": could not find dataconnect.yaml in `/Users/nicolasborlet/Code/anniv-enzo/dataconnect`\n"}}
[debug] [2026-06-08T20:09:02.741Z] E0608 22:09:02.741211   31685 watch.go:40] Failed to load config from "/Users/nicolasborlet/Code/anniv-enzo/dataconnect": could not find dataconnect.yaml in `/Users/nicolasborlet/Code/anniv-enzo/dataconnect`
 {"metadata":{"emulator":{"name":"dataconnect"},"message":"E0608 22:09:02.741211   31685 watch.go:40] Failed to load config from \"/Users/nicolasborlet/Code/anniv-enzo/dataconnect\": could not find dataconnect.yaml in `/Users/nicolasborlet/Code/anniv-enzo/dataconnect`\n"}}
[debug] [2026-06-08T20:09:12.741Z] E0608 22:09:12.741047   31685 watch.go:40] Failed to load config from "/Users/nicolasborlet/Code/anniv-enzo/dataconnect": could not find dataconnect.yaml in `/Users/nicolasborlet/Code/anniv-enzo/dataconnect`
 {"metadata":{"emulator":{"name":"dataconnect"},"message":"E0608 22:09:12.741047   31685 watch.go:40] Failed to load config from \"/Users/nicolasborlet/Code/anniv-enzo/dataconnect\": could not find dataconnect.yaml in `/Users/nicolasborlet/Code/anniv-enzo/dataconnect`\n"}}
[debug] [2026-06-08T20:09:22.741Z] E0608 22:09:22.741284   31685 watch.go:40] Failed to load config from "/Users/nicolasborlet/Code/anniv-enzo/dataconnect": could not find dataconnect.yaml in `/Users/nicolasborlet/Code/anniv-enzo/dataconnect`
 {"metadata":{"emulator":{"name":"dataconnect"},"message":"E0608 22:09:22.741284   31685 watch.go:40] Failed to load config from \"/Users/nicolasborlet/Code/anniv-enzo/dataconnect\": could not find dataconnect.yaml in `/Users/nicolasborlet/Code/anniv-enzo/dataconnect`\n"}}
[debug] [2026-06-08T20:09:32.741Z] E0608 22:09:32.741547   31685 watch.go:40] Failed to load config from "/Users/nicolasborlet/Code/anniv-enzo/dataconnect": could not find dataconnect.yaml in `/Users/nicolasborlet/Code/anniv-enzo/dataconnect`
 {"metadata":{"emulator":{"name":"dataconnect"},"message":"E0608 22:09:32.741547   31685 watch.go:40] Failed to load config from \"/Users/nicolasborlet/Code/anniv-enzo/dataconnect\": could not find dataconnect.yaml in `/Users/nicolasborlet/Code/anniv-enzo/dataconnect`\n"}}
[debug] [2026-06-08T20:09:42.741Z] E0608 22:09:42.741037   31685 watch.go:116] watchAllDir unable to walk dir `/Users/nicolasborlet/Code/anniv-enzo/dataconnect`: lstat /Users/nicolasborlet/Code/anniv-enzo/dataconnect: no such file or directory
 {"metadata":{"emulator":{"name":"dataconnect"},"message":"E0608 22:09:42.741037   31685 watch.go:116] watchAllDir unable to walk dir `/Users/nicolasborlet/Code/anniv-enzo/dataconnect`: lstat /Users/nicolasborlet/Code/anniv-enzo/dataconnect: no such file or directory\n"}}
[debug] [2026-06-08T20:09:42.741Z] E0608 22:09:42.741088   31685 watch.go:40] Failed to load config from "/Users/nicolasborlet/Code/anniv-enzo/dataconnect": could not find dataconnect.yaml in `/Users/nicolasborlet/Code/anniv-enzo/dataconnect`
 {"metadata":{"emulator":{"name":"dataconnect"},"message":"E0608 22:09:42.741088   31685 watch.go:40] Failed to load config from \"/Users/nicolasborlet/Code/anniv-enzo/dataconnect\": could not find dataconnect.yaml in `/Users/nicolasborlet/Code/anniv-enzo/dataconnect`\n"}}
[debug] [2026-06-08T20:09:52.741Z] E0608 22:09:52.741427   31685 watch.go:40] Failed to load config from "/Users/nicolasborlet/Code/anniv-enzo/dataconnect": could not find dataconnect.yaml in `/Users/nicolasborlet/Code/anniv-enzo/dataconnect`
 {"metadata":{"emulator":{"name":"dataconnect"},"message":"E0608 22:09:52.741427   31685 watch.go:40] Failed to load config from \"/Users/nicolasborlet/Code/anniv-enzo/dataconnect\": could not find dataconnect.yaml in `/Users/nicolasborlet/Code/anniv-enzo/dataconnect`\n"}}
[debug] [2026-06-08T20:10:02.740Z] E0608 22:10:02.740539   31685 watch.go:40] Failed to load config from "/Users/nicolasborlet/Code/anniv-enzo/dataconnect": could not find dataconnect.yaml in `/Users/nicolasborlet/Code/anniv-enzo/dataconnect`
 {"metadata":{"emulator":{"name":"dataconnect"},"message":"E0608 22:10:02.740539   31685 watch.go:40] Failed to load config from \"/Users/nicolasborlet/Code/anniv-enzo/dataconnect\": could not find dataconnect.yaml in `/Users/nicolasborlet/Code/anniv-enzo/dataconnect`\n"}}
[debug] [2026-06-08T20:10:12.741Z] E0608 22:10:12.741148   31685 watch.go:40] Failed to load config from "/Users/nicolasborlet/Code/anniv-enzo/dataconnect": could not find dataconnect.yaml in `/Users/nicolasborlet/Code/anniv-enzo/dataconnect`
 {"metadata":{"emulator":{"name":"dataconnect"},"message":"E0608 22:10:12.741148   31685 watch.go:40] Failed to load config from \"/Users/nicolasborlet/Code/anniv-enzo/dataconnect\": could not find dataconnect.yaml in `/Users/nicolasborlet/Code/anniv-enzo/dataconnect`\n"}}
[debug] [2026-06-08T20:10:22.741Z] E0608 22:10:22.741463   31685 watch.go:40] Failed to load config from "/Users/nicolasborlet/Code/anniv-enzo/dataconnect": could not find dataconnect.yaml in `/Users/nicolasborlet/Code/anniv-enzo/dataconnect`
 {"metadata":{"emulator":{"name":"dataconnect"},"message":"E0608 22:10:22.741463   31685 watch.go:40] Failed to load config from \"/Users/nicolasborlet/Code/anniv-enzo/dataconnect\": could not find dataconnect.yaml in `/Users/nicolasborlet/Code/anniv-enzo/dataconnect`\n"}}
[debug] [2026-06-08T20:10:32.741Z] E0608 22:10:32.741215   31685 watch.go:40] Failed to load config from "/Users/nicolasborlet/Code/anniv-enzo/dataconnect": could not find dataconnect.yaml in `/Users/nicolasborlet/Code/anniv-enzo/dataconnect`
 {"metadata":{"emulator":{"name":"dataconnect"},"message":"E0608 22:10:32.741215   31685 watch.go:40] Failed to load config from \"/Users/nicolasborlet/Code/anniv-enzo/dataconnect\": could not find dataconnect.yaml in `/Users/nicolasborlet/Code/anniv-enzo/dataconnect`\n"}}
[debug] [2026-06-08T20:10:42.741Z] E0608 22:10:42.740724   31685 watch.go:40] Failed to load config from "/Users/nicolasborlet/Code/anniv-enzo/dataconnect": could not find dataconnect.yaml in `/Users/nicolasborlet/Code/anniv-enzo/dataconnect`
E0608 22:10:42.740641   31685 watch.go:116] watchAllDir unable to walk dir `/Users/nicolasborlet/Code/anniv-enzo/dataconnect`: lstat /Users/nicolasborlet/Code/anniv-enzo/dataconnect: no such file or directory
 {"metadata":{"emulator":{"name":"dataconnect"},"message":"E0608 22:10:42.740724   31685 watch.go:40] Failed to load config from \"/Users/nicolasborlet/Code/anniv-enzo/dataconnect\": could not find dataconnect.yaml in `/Users/nicolasborlet/Code/anniv-enzo/dataconnect`\nE0608 22:10:42.740641   31685 watch.go:116] watchAllDir unable to walk dir `/Users/nicolasborlet/Code/anniv-enzo/dataconnect`: lstat /Users/nicolasborlet/Code/anniv-enzo/dataconnect: no such file or directory\n"}}
[debug] [2026-06-08T20:10:52.740Z] E0608 22:10:52.740730   31685 watch.go:40] Failed to load config from "/Users/nicolasborlet/Code/anniv-enzo/dataconnect": could not find dataconnect.yaml in `/Users/nicolasborlet/Code/anniv-enzo/dataconnect`
 {"metadata":{"emulator":{"name":"dataconnect"},"message":"E0608 22:10:52.740730   31685 watch.go:40] Failed to load config from \"/Users/nicolasborlet/Code/anniv-enzo/dataconnect\": could not find dataconnect.yaml in `/Users/nicolasborlet/Code/anniv-enzo/dataconnect`\n"}}
[debug] [2026-06-08T20:11:02.741Z] E0608 22:11:02.741665   31685 watch.go:40] Failed to load config from "/Users/nicolasborlet/Code/anniv-enzo/dataconnect": could not find dataconnect.yaml in `/Users/nicolasborlet/Code/anniv-enzo/dataconnect`
 {"metadata":{"emulator":{"name":"dataconnect"},"message":"E0608 22:11:02.741665   31685 watch.go:40] Failed to load config from \"/Users/nicolasborlet/Code/anniv-enzo/dataconnect\": could not find dataconnect.yaml in `/Users/nicolasborlet/Code/anniv-enzo/dataconnect`\n"}}
[debug] [2026-06-08T20:11:12.741Z] E0608 22:11:12.741290   31685 watch.go:40] Failed to load config from "/Users/nicolasborlet/Code/anniv-enzo/dataconnect": could not find dataconnect.yaml in `/Users/nicolasborlet/Code/anniv-enzo/dataconnect`
 {"metadata":{"emulator":{"name":"dataconnect"},"message":"E0608 22:11:12.741290   31685 watch.go:40] Failed to load config from \"/Users/nicolasborlet/Code/anniv-enzo/dataconnect\": could not find dataconnect.yaml in `/Users/nicolasborlet/Code/anniv-enzo/dataconnect`\n"}}
[debug] [2026-06-08T20:11:22.741Z] E0608 22:11:22.741477   31685 watch.go:40] Failed to load config from "/Users/nicolasborlet/Code/anniv-enzo/dataconnect": could not find dataconnect.yaml in `/Users/nicolasborlet/Code/anniv-enzo/dataconnect`
 {"metadata":{"emulator":{"name":"dataconnect"},"message":"E0608 22:11:22.741477   31685 watch.go:40] Failed to load config from \"/Users/nicolasborlet/Code/anniv-enzo/dataconnect\": could not find dataconnect.yaml in `/Users/nicolasborlet/Code/anniv-enzo/dataconnect`\n"}}
[debug] [2026-06-08T20:11:32.741Z] E0608 22:11:32.741485   31685 watch.go:40] Failed to load config from "/Users/nicolasborlet/Code/anniv-enzo/dataconnect": could not find dataconnect.yaml in `/Users/nicolasborlet/Code/anniv-enzo/dataconnect`
 {"metadata":{"emulator":{"name":"dataconnect"},"message":"E0608 22:11:32.741485   31685 watch.go:40] Failed to load config from \"/Users/nicolasborlet/Code/anniv-enzo/dataconnect\": could not find dataconnect.yaml in `/Users/nicolasborlet/Code/anniv-enzo/dataconnect`\n"}}
[debug] [2026-06-08T20:11:42.740Z] E0608 22:11:42.740704   31685 watch.go:40] Failed to load config from "/Users/nicolasborlet/Code/anniv-enzo/dataconnect": could not find dataconnect.yaml in `/Users/nicolasborlet/Code/anniv-enzo/dataconnect`
E0608 22:11:42.740704   31685 watch.go:116] watchAllDir unable to walk dir `/Users/nicolasborlet/Code/anniv-enzo/dataconnect`: lstat /Users/nicolasborlet/Code/anniv-enzo/dataconnect: no such file or directory
 {"metadata":{"emulator":{"name":"dataconnect"},"message":"E0608 22:11:42.740704   31685 watch.go:40] Failed to load config from \"/Users/nicolasborlet/Code/anniv-enzo/dataconnect\": could not find dataconnect.yaml in `/Users/nicolasborlet/Code/anniv-enzo/dataconnect`\nE0608 22:11:42.740704   31685 watch.go:116] watchAllDir unable to walk dir `/Users/nicolasborlet/Code/anniv-enzo/dataconnect`: lstat /Users/nicolasborlet/Code/anniv-enzo/dataconnect: no such file or directory\n"}}
[debug] [2026-06-08T20:11:52.742Z] E0608 22:11:52.742598   31685 watch.go:40] Failed to load config from "/Users/nicolasborlet/Code/anniv-enzo/dataconnect": could not find dataconnect.yaml in `/Users/nicolasborlet/Code/anniv-enzo/dataconnect`
 {"metadata":{"emulator":{"name":"dataconnect"},"message":"E0608 22:11:52.742598   31685 watch.go:40] Failed to load config from \"/Users/nicolasborlet/Code/anniv-enzo/dataconnect\": could not find dataconnect.yaml in `/Users/nicolasborlet/Code/anniv-enzo/dataconnect`\n"}}
[debug] [2026-06-08T20:12:02.743Z] E0608 22:12:02.742802   31685 watch.go:40] Failed to load config from "/Users/nicolasborlet/Code/anniv-enzo/dataconnect": could not find dataconnect.yaml in `/Users/nicolasborlet/Code/anniv-enzo/dataconnect`
 {"metadata":{"emulator":{"name":"dataconnect"},"message":"E0608 22:12:02.742802   31685 watch.go:40] Failed to load config from \"/Users/nicolasborlet/Code/anniv-enzo/dataconnect\": could not find dataconnect.yaml in `/Users/nicolasborlet/Code/anniv-enzo/dataconnect`\n"}}
[debug] [2026-06-08T20:12:12.741Z] E0608 22:12:12.741321   31685 watch.go:40] Failed to load config from "/Users/nicolasborlet/Code/anniv-enzo/dataconnect": could not find dataconnect.yaml in `/Users/nicolasborlet/Code/anniv-enzo/dataconnect`
 {"metadata":{"emulator":{"name":"dataconnect"},"message":"E0608 22:12:12.741321   31685 watch.go:40] Failed to load config from \"/Users/nicolasborlet/Code/anniv-enzo/dataconnect\": could not find dataconnect.yaml in `/Users/nicolasborlet/Code/anniv-enzo/dataconnect`\n"}}
[debug] [2026-06-08T20:12:22.742Z] E0608 22:12:22.742018   31685 watch.go:40] Failed to load config from "/Users/nicolasborlet/Code/anniv-enzo/dataconnect": could not find dataconnect.yaml in `/Users/nicolasborlet/Code/anniv-enzo/dataconnect`
 {"metadata":{"emulator":{"name":"dataconnect"},"message":"E0608 22:12:22.742018   31685 watch.go:40] Failed to load config from \"/Users/nicolasborlet/Code/anniv-enzo/dataconnect\": could not find dataconnect.yaml in `/Users/nicolasborlet/Code/anniv-enzo/dataconnect`\n"}}
[debug] [2026-06-08T20:12:32.741Z] E0608 22:12:32.740849   31685 watch.go:40] Failed to load config from "/Users/nicolasborlet/Code/anniv-enzo/dataconnect": could not find dataconnect.yaml in `/Users/nicolasborlet/Code/anniv-enzo/dataconnect`
 {"metadata":{"emulator":{"name":"dataconnect"},"message":"E0608 22:12:32.740849   31685 watch.go:40] Failed to load config from \"/Users/nicolasborlet/Code/anniv-enzo/dataconnect\": could not find dataconnect.yaml in `/Users/nicolasborlet/Code/anniv-enzo/dataconnect`\n"}}
[debug] [2026-06-08T20:12:42.741Z] E0608 22:12:42.741250   31685 watch.go:40] Failed to load config from "/Users/nicolasborlet/Code/anniv-enzo/dataconnect": could not find dataconnect.yaml in `/Users/nicolasborlet/Code/anniv-enzo/dataconnect`
E0608 22:12:42.741206   31685 watch.go:116] watchAllDir unable to walk dir `/Users/nicolasborlet/Code/anniv-enzo/dataconnect`: lstat /Users/nicolasborlet/Code/anniv-enzo/dataconnect: no such file or directory
 {"metadata":{"emulator":{"name":"dataconnect"},"message":"E0608 22:12:42.741250   31685 watch.go:40] Failed to load config from \"/Users/nicolasborlet/Code/anniv-enzo/dataconnect\": could not find dataconnect.yaml in `/Users/nicolasborlet/Code/anniv-enzo/dataconnect`\nE0608 22:12:42.741206   31685 watch.go:116] watchAllDir unable to walk dir `/Users/nicolasborlet/Code/anniv-enzo/dataconnect`: lstat /Users/nicolasborlet/Code/anniv-enzo/dataconnect: no such file or directory\n"}}
[debug] [2026-06-08T20:12:52.741Z] E0608 22:12:52.741585   31685 watch.go:40] Failed to load config from "/Users/nicolasborlet/Code/anniv-enzo/dataconnect": could not find dataconnect.yaml in `/Users/nicolasborlet/Code/anniv-enzo/dataconnect`
 {"metadata":{"emulator":{"name":"dataconnect"},"message":"E0608 22:12:52.741585   31685 watch.go:40] Failed to load config from \"/Users/nicolasborlet/Code/anniv-enzo/dataconnect\": could not find dataconnect.yaml in `/Users/nicolasborlet/Code/anniv-enzo/dataconnect`\n"}}
[debug] [2026-06-08T20:13:02.741Z] E0608 22:13:02.741015   31685 watch.go:40] Failed to load config from "/Users/nicolasborlet/Code/anniv-enzo/dataconnect": could not find dataconnect.yaml in `/Users/nicolasborlet/Code/anniv-enzo/dataconnect`
 {"metadata":{"emulator":{"name":"dataconnect"},"message":"E0608 22:13:02.741015   31685 watch.go:40] Failed to load config from \"/Users/nicolasborlet/Code/anniv-enzo/dataconnect\": could not find dataconnect.yaml in `/Users/nicolasborlet/Code/anniv-enzo/dataconnect`\n"}}
[debug] [2026-06-08T20:13:12.741Z] E0608 22:13:12.741040   31685 watch.go:40] Failed to load config from "/Users/nicolasborlet/Code/anniv-enzo/dataconnect": could not find dataconnect.yaml in `/Users/nicolasborlet/Code/anniv-enzo/dataconnect`
 {"metadata":{"emulator":{"name":"dataconnect"},"message":"E0608 22:13:12.741040   31685 watch.go:40] Failed to load config from \"/Users/nicolasborlet/Code/anniv-enzo/dataconnect\": could not find dataconnect.yaml in `/Users/nicolasborlet/Code/anniv-enzo/dataconnect`\n"}}
[debug] [2026-06-08T20:13:22.741Z] E0608 22:13:22.740929   31685 watch.go:40] Failed to load config from "/Users/nicolasborlet/Code/anniv-enzo/dataconnect": could not find dataconnect.yaml in `/Users/nicolasborlet/Code/anniv-enzo/dataconnect`
 {"metadata":{"emulator":{"name":"dataconnect"},"message":"E0608 22:13:22.740929   31685 watch.go:40] Failed to load config from \"/Users/nicolasborlet/Code/anniv-enzo/dataconnect\": could not find dataconnect.yaml in `/Users/nicolasborlet/Code/anniv-enzo/dataconnect`\n"}}
[debug] [2026-06-08T20:13:32.741Z] E0608 22:13:32.741663   31685 watch.go:40] Failed to load config from "/Users/nicolasborlet/Code/anniv-enzo/dataconnect": could not find dataconnect.yaml in `/Users/nicolasborlet/Code/anniv-enzo/dataconnect`
 {"metadata":{"emulator":{"name":"dataconnect"},"message":"E0608 22:13:32.741663   31685 watch.go:40] Failed to load config from \"/Users/nicolasborlet/Code/anniv-enzo/dataconnect\": could not find dataconnect.yaml in `/Users/nicolasborlet/Code/anniv-enzo/dataconnect`\n"}}
[debug] [2026-06-08T20:13:42.741Z] E0608 22:13:42.741534   31685 watch.go:40] Failed to load config from "/Users/nicolasborlet/Code/anniv-enzo/dataconnect": could not find dataconnect.yaml in `/Users/nicolasborlet/Code/anniv-enzo/dataconnect`
E0608 22:13:42.741559   31685 watch.go:116] watchAllDir unable to walk dir `/Users/nicolasborlet/Code/anniv-enzo/dataconnect`: lstat /Users/nicolasborlet/Code/anniv-enzo/dataconnect: no such file or directory
 {"metadata":{"emulator":{"name":"dataconnect"},"message":"E0608 22:13:42.741534   31685 watch.go:40] Failed to load config from \"/Users/nicolasborlet/Code/anniv-enzo/dataconnect\": could not find dataconnect.yaml in `/Users/nicolasborlet/Code/anniv-enzo/dataconnect`\nE0608 22:13:42.741559   31685 watch.go:116] watchAllDir unable to walk dir `/Users/nicolasborlet/Code/anniv-enzo/dataconnect`: lstat /Users/nicolasborlet/Code/anniv-enzo/dataconnect: no such file or directory\n"}}
[debug] [2026-06-08T20:13:52.742Z] E0608 22:13:52.741930   31685 watch.go:40] Failed to load config from "/Users/nicolasborlet/Code/anniv-enzo/dataconnect": could not find dataconnect.yaml in `/Users/nicolasborlet/Code/anniv-enzo/dataconnect`
 {"metadata":{"emulator":{"name":"dataconnect"},"message":"E0608 22:13:52.741930   31685 watch.go:40] Failed to load config from \"/Users/nicolasborlet/Code/anniv-enzo/dataconnect\": could not find dataconnect.yaml in `/Users/nicolasborlet/Code/anniv-enzo/dataconnect`\n"}}
[debug] [2026-06-08T20:14:02.743Z] E0608 22:14:02.742918   31685 watch.go:40] Failed to load config from "/Users/nicolasborlet/Code/anniv-enzo/dataconnect": could not find dataconnect.yaml in `/Users/nicolasborlet/Code/anniv-enzo/dataconnect`
 {"metadata":{"emulator":{"name":"dataconnect"},"message":"E0608 22:14:02.742918   31685 watch.go:40] Failed to load config from \"/Users/nicolasborlet/Code/anniv-enzo/dataconnect\": could not find dataconnect.yaml in `/Users/nicolasborlet/Code/anniv-enzo/dataconnect`\n"}}
[debug] [2026-06-08T20:14:12.741Z] E0608 22:14:12.741286   31685 watch.go:40] Failed to load config from "/Users/nicolasborlet/Code/anniv-enzo/dataconnect": could not find dataconnect.yaml in `/Users/nicolasborlet/Code/anniv-enzo/dataconnect`
 {"metadata":{"emulator":{"name":"dataconnect"},"message":"E0608 22:14:12.741286   31685 watch.go:40] Failed to load config from \"/Users/nicolasborlet/Code/anniv-enzo/dataconnect\": could not find dataconnect.yaml in `/Users/nicolasborlet/Code/anniv-enzo/dataconnect`\n"}}
[debug] [2026-06-08T20:14:22.741Z] E0608 22:14:22.741550   31685 watch.go:40] Failed to load config from "/Users/nicolasborlet/Code/anniv-enzo/dataconnect": could not find dataconnect.yaml in `/Users/nicolasborlet/Code/anniv-enzo/dataconnect`
 {"metadata":{"emulator":{"name":"dataconnect"},"message":"E0608 22:14:22.741550   31685 watch.go:40] Failed to load config from \"/Users/nicolasborlet/Code/anniv-enzo/dataconnect\": could not find dataconnect.yaml in `/Users/nicolasborlet/Code/anniv-enzo/dataconnect`\n"}}
[debug] [2026-06-08T20:14:32.742Z] E0608 22:14:32.741837   31685 watch.go:40] Failed to load config from "/Users/nicolasborlet/Code/anniv-enzo/dataconnect": could not find dataconnect.yaml in `/Users/nicolasborlet/Code/anniv-enzo/dataconnect`
 {"metadata":{"emulator":{"name":"dataconnect"},"message":"E0608 22:14:32.741837   31685 watch.go:40] Failed to load config from \"/Users/nicolasborlet/Code/anniv-enzo/dataconnect\": could not find dataconnect.yaml in `/Users/nicolasborlet/Code/anniv-enzo/dataconnect`\n"}}
[debug] [2026-06-08T20:14:42.742Z] E0608 22:14:42.741845   31685 watch.go:116] watchAllDir unable to walk dir `/Users/nicolasborlet/Code/anniv-enzo/dataconnect`: lstat /Users/nicolasborlet/Code/anniv-enzo/dataconnect: no such file or directory
 {"metadata":{"emulator":{"name":"dataconnect"},"message":"E0608 22:14:42.741845   31685 watch.go:116] watchAllDir unable to walk dir `/Users/nicolasborlet/Code/anniv-enzo/dataconnect`: lstat /Users/nicolasborlet/Code/anniv-enzo/dataconnect: no such file or directory\n"}}
[debug] [2026-06-08T20:14:42.742Z] E0608 22:14:42.742028   31685 watch.go:40] Failed to load config from "/Users/nicolasborlet/Code/anniv-enzo/dataconnect": could not find dataconnect.yaml in `/Users/nicolasborlet/Code/anniv-enzo/dataconnect`
 {"metadata":{"emulator":{"name":"dataconnect"},"message":"E0608 22:14:42.742028   31685 watch.go:40] Failed to load config from \"/Users/nicolasborlet/Code/anniv-enzo/dataconnect\": could not find dataconnect.yaml in `/Users/nicolasborlet/Code/anniv-enzo/dataconnect`\n"}}
[debug] [2026-06-08T20:14:52.741Z] E0608 22:14:52.741760   31685 watch.go:40] Failed to load config from "/Users/nicolasborlet/Code/anniv-enzo/dataconnect": could not find dataconnect.yaml in `/Users/nicolasborlet/Code/anniv-enzo/dataconnect`
 {"metadata":{"emulator":{"name":"dataconnect"},"message":"E0608 22:14:52.741760   31685 watch.go:40] Failed to load config from \"/Users/nicolasborlet/Code/anniv-enzo/dataconnect\": could not find dataconnect.yaml in `/Users/nicolasborlet/Code/anniv-enzo/dataconnect`\n"}}
[debug] [2026-06-08T20:15:02.741Z] E0608 22:15:02.741629   31685 watch.go:40] Failed to load config from "/Users/nicolasborlet/Code/anniv-enzo/dataconnect": could not find dataconnect.yaml in `/Users/nicolasborlet/Code/anniv-enzo/dataconnect`
 {"metadata":{"emulator":{"name":"dataconnect"},"message":"E0608 22:15:02.741629   31685 watch.go:40] Failed to load config from \"/Users/nicolasborlet/Code/anniv-enzo/dataconnect\": could not find dataconnect.yaml in `/Users/nicolasborlet/Code/anniv-enzo/dataconnect`\n"}}
[debug] [2026-06-08T20:15:12.741Z] E0608 22:15:12.741761   31685 watch.go:40] Failed to load config from "/Users/nicolasborlet/Code/anniv-enzo/dataconnect": could not find dataconnect.yaml in `/Users/nicolasborlet/Code/anniv-enzo/dataconnect`
 {"metadata":{"emulator":{"name":"dataconnect"},"message":"E0608 22:15:12.741761   31685 watch.go:40] Failed to load config from \"/Users/nicolasborlet/Code/anniv-enzo/dataconnect\": could not find dataconnect.yaml in `/Users/nicolasborlet/Code/anniv-enzo/dataconnect`\n"}}
[debug] [2026-06-08T20:15:22.742Z] E0608 22:15:22.741862   31685 watch.go:40] Failed to load config from "/Users/nicolasborlet/Code/anniv-enzo/dataconnect": could not find dataconnect.yaml in `/Users/nicolasborlet/Code/anniv-enzo/dataconnect`
 {"metadata":{"emulator":{"name":"dataconnect"},"message":"E0608 22:15:22.741862   31685 watch.go:40] Failed to load config from \"/Users/nicolasborlet/Code/anniv-enzo/dataconnect\": could not find dataconnect.yaml in `/Users/nicolasborlet/Code/anniv-enzo/dataconnect`\n"}}
[debug] [2026-06-08T20:15:32.741Z] E0608 22:15:32.741674   31685 watch.go:40] Failed to load config from "/Users/nicolasborlet/Code/anniv-enzo/dataconnect": could not find dataconnect.yaml in `/Users/nicolasborlet/Code/anniv-enzo/dataconnect`
 {"metadata":{"emulator":{"name":"dataconnect"},"message":"E0608 22:15:32.741674   31685 watch.go:40] Failed to load config from \"/Users/nicolasborlet/Code/anniv-enzo/dataconnect\": could not find dataconnect.yaml in `/Users/nicolasborlet/Code/anniv-enzo/dataconnect`\n"}}
[debug] [2026-06-08T20:15:42.741Z] E0608 22:15:42.741647   31685 watch.go:116] watchAllDir unable to walk dir `/Users/nicolasborlet/Code/anniv-enzo/dataconnect`: lstat /Users/nicolasborlet/Code/anniv-enzo/dataconnect: no such file or directory
E0608 22:15:42.741710   31685 watch.go:40] Failed to load config from "/Users/nicolasborlet/Code/anniv-enzo/dataconnect": could not find dataconnect.yaml in `/Users/nicolasborlet/Code/anniv-enzo/dataconnect`
 {"metadata":{"emulator":{"name":"dataconnect"},"message":"E0608 22:15:42.741647   31685 watch.go:116] watchAllDir unable to walk dir `/Users/nicolasborlet/Code/anniv-enzo/dataconnect`: lstat /Users/nicolasborlet/Code/anniv-enzo/dataconnect: no such file or directory\nE0608 22:15:42.741710   31685 watch.go:40] Failed to load config from \"/Users/nicolasborlet/Code/anniv-enzo/dataconnect\": could not find dataconnect.yaml in `/Users/nicolasborlet/Code/anniv-enzo/dataconnect`\n"}}
[debug] [2026-06-08T20:15:52.745Z] E0608 22:15:52.742499   31685 watch.go:40] Failed to load config from "/Users/nicolasborlet/Code/anniv-enzo/dataconnect": could not find dataconnect.yaml in `/Users/nicolasborlet/Code/anniv-enzo/dataconnect`
 {"metadata":{"emulator":{"name":"dataconnect"},"message":"E0608 22:15:52.742499   31685 watch.go:40] Failed to load config from \"/Users/nicolasborlet/Code/anniv-enzo/dataconnect\": could not find dataconnect.yaml in `/Users/nicolasborlet/Code/anniv-enzo/dataconnect`\n"}}
[debug] [2026-06-08T20:16:02.741Z] E0608 22:16:02.741373   31685 watch.go:40] Failed to load config from "/Users/nicolasborlet/Code/anniv-enzo/dataconnect": could not find dataconnect.yaml in `/Users/nicolasborlet/Code/anniv-enzo/dataconnect`
 {"metadata":{"emulator":{"name":"dataconnect"},"message":"E0608 22:16:02.741373   31685 watch.go:40] Failed to load config from \"/Users/nicolasborlet/Code/anniv-enzo/dataconnect\": could not find dataconnect.yaml in `/Users/nicolasborlet/Code/anniv-enzo/dataconnect`\n"}}
[debug] [2026-06-08T20:16:12.741Z] E0608 22:16:12.741443   31685 watch.go:40] Failed to load config from "/Users/nicolasborlet/Code/anniv-enzo/dataconnect": could not find dataconnect.yaml in `/Users/nicolasborlet/Code/anniv-enzo/dataconnect`
 {"metadata":{"emulator":{"name":"dataconnect"},"message":"E0608 22:16:12.741443   31685 watch.go:40] Failed to load config from \"/Users/nicolasborlet/Code/anniv-enzo/dataconnect\": could not find dataconnect.yaml in `/Users/nicolasborlet/Code/anniv-enzo/dataconnect`\n"}}
[debug] [2026-06-08T20:16:22.742Z] E0608 22:16:22.742084   31685 watch.go:40] Failed to load config from "/Users/nicolasborlet/Code/anniv-enzo/dataconnect": could not find dataconnect.yaml in `/Users/nicolasborlet/Code/anniv-enzo/dataconnect`
 {"metadata":{"emulator":{"name":"dataconnect"},"message":"E0608 22:16:22.742084   31685 watch.go:40] Failed to load config from \"/Users/nicolasborlet/Code/anniv-enzo/dataconnect\": could not find dataconnect.yaml in `/Users/nicolasborlet/Code/anniv-enzo/dataconnect`\n"}}
[debug] [2026-06-08T20:16:32.742Z] E0608 22:16:32.742131   31685 watch.go:40] Failed to load config from "/Users/nicolasborlet/Code/anniv-enzo/dataconnect": could not find dataconnect.yaml in `/Users/nicolasborlet/Code/anniv-enzo/dataconnect`
 {"metadata":{"emulator":{"name":"dataconnect"},"message":"E0608 22:16:32.742131   31685 watch.go:40] Failed to load config from \"/Users/nicolasborlet/Code/anniv-enzo/dataconnect\": could not find dataconnect.yaml in `/Users/nicolasborlet/Code/anniv-enzo/dataconnect`\n"}}
